Archive member included to satisfy reference by file (symbol)

app/libapp.a(main.c.obj)      (--whole-archive)
zephyr/libzephyr.a(heap.c.obj)
                              (--whole-archive)
zephyr/libzephyr.a(cbprintf_packaged.c.obj)
                              (--whole-archive)
zephyr/libzephyr.a(printk.c.obj)
                              (--whole-archive)
zephyr/libzephyr.a(sem.c.obj)
                              (--whole-archive)
zephyr/libzephyr.a(thread_entry.c.obj)
                              (--whole-archive)
zephyr/libzephyr.a(cbprintf_complete.c.obj)
                              (--whole-archive)
zephyr/libzephyr.a(cbprintf.c.obj)
                              (--whole-archive)
zephyr/libzephyr.a(assert.c.obj)
                              (--whole-archive)
zephyr/libzephyr.a(dec.c.obj)
                              (--whole-archive)
zephyr/libzephyr.a(hex.c.obj)
                              (--whole-archive)
zephyr/libzephyr.a(rb.c.obj)  (--whole-archive)
zephyr/libzephyr.a(timeutil.c.obj)
                              (--whole-archive)
zephyr/libzephyr.a(bitarray.c.obj)
                              (--whole-archive)
zephyr/libzephyr.a(ring_buffer.c.obj)
                              (--whole-archive)
zephyr/libzephyr.a(configs.c.obj)
                              (--whole-archive)
zephyr/libzephyr.a(soc.c.obj)
                              (--whole-archive)
zephyr/libzephyr.a(tracing_none.c.obj)
                              (--whole-archive)
zephyr/arch/common/libarch__common.a(sw_isr_common.c.obj)
                              (--whole-archive)
zephyr/arch/arch/arm/core/libarch__arm__core.a(fatal.c.obj)
                              (--whole-archive)
zephyr/arch/arch/arm/core/libarch__arm__core.a(nmi.c.obj)
                              (--whole-archive)
zephyr/arch/arch/arm/core/libarch__arm__core.a(nmi_on_reset.S.obj)
                              (--whole-archive)
zephyr/arch/arch/arm/core/cortex_m/libarch__arm__core__cortex_m.a(exc_exit.c.obj)
                              (--whole-archive)
zephyr/arch/arch/arm/core/cortex_m/libarch__arm__core__cortex_m.a(fault.c.obj)
                              (--whole-archive)
zephyr/arch/arch/arm/core/cortex_m/libarch__arm__core__cortex_m.a(fault_s.S.obj)
                              (--whole-archive)
zephyr/arch/arch/arm/core/cortex_m/libarch__arm__core__cortex_m.a(fpu.c.obj)
                              (--whole-archive)
zephyr/arch/arch/arm/core/cortex_m/libarch__arm__core__cortex_m.a(reset.S.obj)
                              (--whole-archive)
zephyr/arch/arch/arm/core/cortex_m/libarch__arm__core__cortex_m.a(scb.c.obj)
                              (--whole-archive)
zephyr/arch/arch/arm/core/cortex_m/libarch__arm__core__cortex_m.a(thread_abort.c.obj)
                              (--whole-archive)
zephyr/arch/arch/arm/core/cortex_m/libarch__arm__core__cortex_m.a(vector_table.S.obj)
                              (--whole-archive)
zephyr/arch/arch/arm/core/cortex_m/libarch__arm__core__cortex_m.a(swap_helper.S.obj)
                              (--whole-archive)
zephyr/arch/arch/arm/core/cortex_m/libarch__arm__core__cortex_m.a(irq_manage.c.obj)
                              (--whole-archive)
zephyr/arch/arch/arm/core/cortex_m/libarch__arm__core__cortex_m.a(prep_c.c.obj)
                              (--whole-archive)
zephyr/arch/arch/arm/core/cortex_m/libarch__arm__core__cortex_m.a(thread.c.obj)
                              (--whole-archive)
zephyr/arch/arch/arm/core/cortex_m/libarch__arm__core__cortex_m.a(cpu_idle.c.obj)
                              (--whole-archive)
zephyr/arch/arch/arm/core/cortex_m/libarch__arm__core__cortex_m.a(irq_init.c.obj)
                              (--whole-archive)
zephyr/arch/arch/arm/core/cortex_m/libarch__arm__core__cortex_m.a(isr_wrapper.c.obj)
                              (--whole-archive)
zephyr/lib/libc/newlib/liblib__libc__newlib.a(libc-hooks.c.obj)
                              (--whole-archive)
zephyr/lib/libc/common/liblib__libc__common.a(abort.c.obj)
                              (--whole-archive)
zephyr/drivers/clock_control/libdrivers__clock_control.a(clock_control_rpi_pico.c.obj)
                              (--whole-archive)
zephyr/drivers/console/libdrivers__console.a(uart_console.c.obj)
                              (--whole-archive)
zephyr/drivers/gpio/libdrivers__gpio.a(gpio_rpi_pico.c.obj)
                              (--whole-archive)
zephyr/drivers/i2c/libdrivers__i2c.a(i2c_common.c.obj)
                              (--whole-archive)
zephyr/drivers/i2c/libdrivers__i2c.a(i2c_dw.c.obj)
                              (--whole-archive)
zephyr/drivers/pinctrl/libdrivers__pinctrl.a(common.c.obj)
                              (--whole-archive)
zephyr/drivers/pinctrl/libdrivers__pinctrl.a(pinctrl_rpi_pico.c.obj)
                              (--whole-archive)
zephyr/drivers/reset/libdrivers__reset.a(reset_rpi_pico.c.obj)
                              (--whole-archive)
[...]
Memory Configuration

Name             Origin             Length             Attributes
BOOT_FLASH       0x0000000010000000 0x0000000000000100 r
FLASH            0x0000000010000100 0x00000000001fff00 xr
RAM              0x0000000020000000 0x0000000000042000 xw
IDT_LIST         0x00000000ffff7fff 0x0000000000008000 xw
*default*        0x0000000000000000 0xffffffffffffffff

Linker script and memory map

LOAD zephyr/CMakeFiles/zephyr_final.dir/misc/empty_file.c.obj
LOAD zephyr/CMakeFiles/zephyr_final.dir/isr_tables.c.obj
LOAD zephyr/CMakeFiles/offsets.dir/./arch/arm/core/offsets/offsets.c.obj
LOAD app/libapp.a
LOAD zephyr/libzephyr.a
LOAD zephyr/arch/common/libarch__common.a
LOAD zephyr/arch/arch/arm/core/libarch__arm__core.a
LOAD zephyr/arch/arch/arm/core/cortex_m/libarch__arm__core__cortex_m.a
LOAD zephyr/lib/libc/newlib/liblib__libc__newlib.a
LOAD zephyr/lib/libc/common/liblib__libc__common.a
LOAD zephyr/drivers/clock_control/libdrivers__clock_control.a
LOAD zephyr/drivers/console/libdrivers__console.a
LOAD zephyr/drivers/gpio/libdrivers__gpio.a
LOAD zephyr/drivers/i2c/libdrivers__i2c.a
LOAD zephyr/drivers/pinctrl/libdrivers__pinctrl.a
LOAD zephyr/drivers/reset/libdrivers__reset.a
LOAD zephyr/drivers/sensor/bosch/bme680/libdrivers__sensor__bosch__bme680.a
LOAD zephyr/drivers/serial/libdrivers__serial.a
LOAD zephyr/drivers/timer/libdrivers__timer.a
LOAD modules/hal_rpi_pico/libmodules__hal_rpi_pico.a
LOAD zephyr/kernel/libkernel.a
LOAD zephyr/arch/common/libisr_tables.a
LOAD C:/Users/axelo/zephyr-sdk-0.17.0/arm-zephyr-eabi/arm-zephyr-eabi/lib/thumb/v6-m/nofp\libm.a
LOAD C:/Users/axelo/zephyr-sdk-0.17.0/arm-zephyr-eabi/arm-zephyr-eabi/lib/thumb/v6-m/nofp\libc.a
LOAD c:/users/axelo/zephyr-sdk-0.17.0/arm-zephyr-eabi/bin/../lib/gcc/arm-zephyr-eabi/12.2.0/thumb/v6-m/nofp\libgcc.a
LOAD C:/Users/axelo/zephyr-sdk-0.17.0/arm-zephyr-eabi/arm-zephyr-eabi/lib/thumb/v6-m/nofp\libc.a

.boot2          0x0000000010000000      0x100
 *(SORT_BY_ALIGNMENT(.boot2))
 .boot2         0x0000000010000000      0x100 modules/hal_rpi_pico/libmodules__hal_rpi_pico.a(boot_stage2.S.obj)
                0x0000000000000004                _region_min_align = 0x4

.rel.plt        0x0000000010000100        0x0
 *(SORT_BY_ALIGNMENT(.rel.plt))
                [!provide]                        PROVIDE (__rel_iplt_start = .)
 *(SORT_BY_ALIGNMENT(.rel.iplt))
 .rel.iplt      0x0000000010000100        0x0 zephyr/CMakeFiles/zephyr_final.dir/isr_tables.c.obj
                [!provide]                        PROVIDE (__rel_iplt_end = .)

.rela.plt       0x0000000010000100        0x0
 *(SORT_BY_ALIGNMENT(.rela.plt))
                [!provide]                        PROVIDE (__rela_iplt_start = .)
 *(SORT_BY_ALIGNMENT(.rela.iplt))
                [!provide]                        PROVIDE (__rela_iplt_end = .)

.rel.dyn
 *(SORT_BY_ALIGNMENT(.rel.*))

.rela.dyn
 *(SORT_BY_ALIGNMENT(.rela.*))

/DISCARD/
 *(SORT_BY_ALIGNMENT(.plt))

/DISCARD/
 *(SORT_BY_ALIGNMENT(.iplt))
                0x0000000010000100                __rom_region_start = 0x10000100

rom_start       0x0000000010000100       0xa8
                0x0000000010000100                __rom_start_address = .
 FILL mask 0x00
                0x0000000010000100                . = (. + (0x0 - (. - __rom_start_address)))
                0x0000000010000100                . = ALIGN (0x4)
                0x0000000010000100                . = ALIGN (0x100)
                0x0000000010000100                . = ALIGN (0x100)
                0x0000000010000100                _vector_start = .
 *(SORT_BY_ALIGNMENT(.exc_vector_table))
 *(SORT_BY_ALIGNMENT(.exc_vector_table.*))
 .exc_vector_table._vector_table_section
                0x0000000010000100       0x40 zephyr/arch/arch/arm/core/cortex_m/libarch__arm__core__cortex_m.a(vector_table.S.obj)
                0x0000000010000100                _vector_table
 *(SORT_BY_ALIGNMENT(.vectors))
                0x00000000100001a8                _vector_end = .
                0x0000000010000140                . = ALIGN (0x4)
 *(SORT_BY_ALIGNMENT(.gnu.linkonce.irq_vector_table*))
 .gnu.linkonce.irq_vector_table
                0x0000000010000140       0x68 zephyr/CMakeFiles/zephyr_final.dir/isr_tables.c.obj
                0x0000000010000140                _irq_vector_table
                0x00000000100001a8                _vector_end = .

text            0x00000000100001a8     0xce28
                0x00000000100001a8                __text_region_start = .
 *(SORT_BY_ALIGNMENT(.text))
 .text          0x00000000100001a8       0x8c c:/users/axelo/zephyr-sdk-0.17.0/arm-zephyr-eabi/bin/../lib/gcc/arm-zephyr-eabi/12.2.0/thumb/v6-m/nofp\libgcc.a(_udivsi3.o)
                0x00000000100001a8                __aeabi_uidiv
                0x00000000100001a8                __udivsi3
                0x0000000010000220                __aeabi_uidivmod
 .text          0x0000000010000234       0xa8 c:/users/axelo/zephyr-sdk-0.17.0/arm-zephyr-eabi/bin/../lib/gcc/arm-zephyr-eabi/12.2.0/thumb/v6-m/nofp\libgcc.a(_divsi3.o)
                0x0000000010000234                __divsi3
                0x0000000010000234                __aeabi_idiv
                0x00000000100002c8                __aeabi_idivmod
 .text          0x00000000100002dc        0x4 c:/users/axelo/zephyr-sdk-0.17.0/arm-zephyr-eabi/bin/../lib/gcc/arm-zephyr-eabi/12.2.0/thumb/v6-m/nofp\libgcc.a(_dvmd_tls.o)
                0x00000000100002dc                __aeabi_idiv0
                0x00000000100002dc                __aeabi_ldiv0
 .text          0x00000000100002e0       0x7c c:/users/axelo/zephyr-sdk-0.17.0/arm-zephyr-eabi/bin/../lib/gcc/arm-zephyr-eabi/12.2.0/thumb/v6-m/nofp\libgcc.a(_arm_cmpdf2.o)
                0x00000000100002e0                __aeabi_cdrcmple
                0x00000000100002f0                __aeabi_cdcmple
                0x00000000100002f0                __aeabi_cdcmpeq
                0x0000000010000300                __aeabi_dcmpeq
                0x000000001000030c                __aeabi_dcmplt
                0x0000000010000320                __aeabi_dcmple
                0x0000000010000334                __aeabi_dcmpgt
                0x0000000010000348                __aeabi_dcmpge
 .text          0x000000001000035c       0x3c c:/users/axelo/zephyr-sdk-0.17.0/arm-zephyr-eabi/bin/../lib/gcc/arm-zephyr-eabi/12.2.0/thumb/v6-m/nofp\libgcc.a(_clzsi2.o)
                0x000000001000035c                __clzsi2
 .text          0x0000000010000398       0x48 c:/users/axelo/zephyr-sdk-0.17.0/arm-zephyr-eabi/bin/../lib/gcc/arm-zephyr-eabi/12.2.0/thumb/v6-m/nofp\libgcc.a(_aeabi_ldivmod.o)
                0x0000000010000398                __aeabi_ldivmod
 .text          0x00000000100003e0       0x40 c:/users/axelo/zephyr-sdk-0.17.0/arm-zephyr-eabi/bin/../lib/gcc/arm-zephyr-eabi/12.2.0/thumb/v6-m/nofp\libgcc.a(_aeabi_uldivmod.o)
                0x00000000100003e0                __aeabi_uldivmod
 .text          0x0000000010000420      0x2e8 c:/users/axelo/zephyr-sdk-0.17.0/arm-zephyr-eabi/bin/../lib/gcc/arm-zephyr-eabi/12.2.0/thumb/v6-m/nofp\libgcc.a(addsf3.o)
                0x0000000010000420                __aeabi_fadd
 .text          0x0000000010000708      0x1c4 c:/users/axelo/zephyr-sdk-0.17.0/arm-zephyr-eabi/bin/../lib/gcc/arm-zephyr-eabi/12.2.0/thumb/v6-m/nofp\libgcc.a(divsf3.o)
                0x0000000010000708                __aeabi_fdiv
 .text          0x00000000100008cc      0x1ec c:/users/axelo/zephyr-sdk-0.17.0/arm-zephyr-eabi/bin/../lib/gcc/arm-zephyr-eabi/12.2.0/thumb/v6-m/nofp\libgcc.a(mulsf3.o)
                0x00000000100008cc                __aeabi_fmul
 .text          0x0000000010000ab8       0x3c c:/users/axelo/zephyr-sdk-0.17.0/arm-zephyr-eabi/bin/../lib/gcc/arm-zephyr-eabi/12.2.0/thumb/v6-m/nofp\libgcc.a(fixsfsi.o)
                0x0000000010000ab8                __aeabi_f2iz
 .text          0x0000000010000af4       0x78 c:/users/axelo/zephyr-sdk-0.17.0/arm-zephyr-eabi/bin/../lib/gcc/arm-zephyr-eabi/12.2.0/thumb/v6-m/nofp\libgcc.a(floatunsisf.o)
                0x0000000010000af4                __aeabi_ui2f
 .text          0x0000000010000b6c      0x5e0 c:/users/axelo/zephyr-sdk-0.17.0/arm-zephyr-eabi/bin/../lib/gcc/arm-zephyr-eabi/12.2.0/thumb/v6-m/nofp\libgcc.a(adddf3.o)
                0x0000000010000b6c                __aeabi_dadd
 .text          0x000000001000114c      0x504 c:/users/axelo/zephyr-sdk-0.17.0/arm-zephyr-eabi/bin/../lib/gcc/arm-zephyr-eabi/12.2.0/thumb/v6-m/nofp\libgcc.a(divdf3.o)
                0x000000001000114c                __aeabi_ddiv
 .text          0x0000000010001650       0x84 c:/users/axelo/zephyr-sdk-0.17.0/arm-zephyr-eabi/bin/../lib/gcc/arm-zephyr-eabi/12.2.0/thumb/v6-m/nofp\libgcc.a(eqdf2.o)
                0x0000000010001650                __nedf2
                0x0000000010001650                __eqdf2
 .text          0x00000000100016d4       0xec c:/users/axelo/zephyr-sdk-0.17.0/arm-zephyr-eabi/bin/../lib/gcc/arm-zephyr-eabi/12.2.0/thumb/v6-m/nofp\libgcc.a(gedf2.o)
                0x00000000100016d4                __gedf2
                0x00000000100016d4                __gtdf2
 .text          0x00000000100017c0       0xf0 c:/users/axelo/zephyr-sdk-0.17.0/arm-zephyr-eabi/bin/../lib/gcc/arm-zephyr-eabi/12.2.0/thumb/v6-m/nofp\libgcc.a(ledf2.o)
                0x00000000100017c0                __ledf2
                0x00000000100017c0                __ltdf2
 .text          0x00000000100018b0      0x454 c:/users/axelo/zephyr-sdk-0.17.0/arm-zephyr-eabi/bin/../lib/gcc/arm-zephyr-eabi/12.2.0/thumb/v6-m/nofp\libgcc.a(muldf3.o)
                0x00000000100018b0                __aeabi_dmul
 .text          0x0000000010001d04      0x628 c:/users/axelo/zephyr-sdk-0.17.0/arm-zephyr-eabi/bin/../lib/gcc/arm-zephyr-eabi/12.2.0/thumb/v6-m/nofp\libgcc.a(subdf3.o)
                0x0000000010001d04                __aeabi_dsub
 .text          0x000000001000232c       0x3c c:/users/axelo/zephyr-sdk-0.17.0/arm-zephyr-eabi/bin/../lib/gcc/arm-zephyr-eabi/12.2.0/thumb/v6-m/nofp\libgcc.a(unorddf2.o)
                0x000000001000232c                __aeabi_dcmpun
 .text          0x0000000010002368       0x64 c:/users/axelo/zephyr-sdk-0.17.0/arm-zephyr-eabi/bin/../lib/gcc/arm-zephyr-eabi/12.2.0/thumb/v6-m/nofp\libgcc.a(fixdfsi.o)
                0x0000000010002368                __aeabi_d2iz
 .text          0x00000000100023cc       0x54 c:/users/axelo/zephyr-sdk-0.17.0/arm-zephyr-eabi/bin/../lib/gcc/arm-zephyr-eabi/12.2.0/thumb/v6-m/nofp\libgcc.a(floatsidf.o)
                0x00000000100023cc                __aeabi_i2d
 .text          0x0000000010002420       0x40 c:/users/axelo/zephyr-sdk-0.17.0/arm-zephyr-eabi/bin/../lib/gcc/arm-zephyr-eabi/12.2.0/thumb/v6-m/nofp\libgcc.a(floatunsidf.o)
                0x0000000010002420                __aeabi_ui2d
 .text          0x0000000010002460       0x14 c:/users/axelo/zephyr-sdk-0.17.0/arm-zephyr-eabi/bin/../lib/gcc/arm-zephyr-eabi/12.2.0/thumb/v6-m/nofp\libgcc.a(_thumb1_case_uqi.o)
                0x0000000010002460                __gnu_thumb1_case_uqi
 .text          0x0000000010002474       0x14 c:/users/axelo/zephyr-sdk-0.17.0/arm-zephyr-eabi/bin/../lib/gcc/arm-zephyr-eabi/12.2.0/thumb/v6-m/nofp\libgcc.a(_thumb1_case_uhi.o)
                0x0000000010002474                __gnu_thumb1_case_uhi
 .text          0x0000000010002488       0x18 c:/users/axelo/zephyr-sdk-0.17.0/arm-zephyr-eabi/bin/../lib/gcc/arm-zephyr-eabi/12.2.0/thumb/v6-m/nofp\libgcc.a(_lshrdi3.o)
                0x0000000010002488                __lshrdi3
                0x0000000010002488                __aeabi_llsr
 .text          0x00000000100024a0       0x18 c:/users/axelo/zephyr-sdk-0.17.0/arm-zephyr-eabi/bin/../lib/gcc/arm-zephyr-eabi/12.2.0/thumb/v6-m/nofp\libgcc.a(_ashldi3.o)
                0x00000000100024a0                __aeabi_llsl
                0x00000000100024a0                __ashldi3
 .text          0x00000000100024b8       0x18 c:/users/axelo/zephyr-sdk-0.17.0/arm-zephyr-eabi/bin/../lib/gcc/arm-zephyr-eabi/12.2.0/thumb/v6-m/nofp\libgcc.a(_clzdi2.o)
                0x00000000100024b8                __clzdi2
 .text          0x00000000100024d0       0x44 c:/users/axelo/zephyr-sdk-0.17.0/arm-zephyr-eabi/bin/../lib/gcc/arm-zephyr-eabi/12.2.0/thumb/v6-m/nofp\libgcc.a(_muldi3.o)
                0x00000000100024d0                __muldi3
                0x00000000100024d0                __aeabi_lmul
 .text          0x0000000010002514       0xde c:/users/axelo/zephyr-sdk-0.17.0/arm-zephyr-eabi/bin/../lib/gcc/arm-zephyr-eabi/12.2.0/thumb/v6-m/nofp\libgcc.a(_udivmoddi4.o)
                0x0000000010002514                __udivmoddi4
 .text          0x00000000100025f2       0x30 c:/users/axelo/zephyr-sdk-0.17.0/arm-zephyr-eabi/bin/../lib/gcc/arm-zephyr-eabi/12.2.0/thumb/v6-m/nofp\libgcc.a(bpabi.o)
                0x00000000100025f2                __gnu_ldivmod_helper
 .text          0x0000000010002622      0x142 c:/users/axelo/zephyr-sdk-0.17.0/arm-zephyr-eabi/bin/../lib/gcc/arm-zephyr-eabi/12.2.0/thumb/v6-m/nofp\libgcc.a(_divdi3.o)
                0x0000000010002622                __divdi3
 *(SORT_BY_ALIGNMENT(.text.*))
 .text.main     0x0000000010002764       0xb4 app/libapp.a(main.c.obj)
                0x0000000010002764                main
 .text.char_out
                0x0000000010002818       0x10 zephyr/libzephyr.a(printk.c.obj)
 .text.__printk_hook_install
                0x0000000010002828        0xc zephyr/libzephyr.a(printk.c.obj)
                0x0000000010002828                __printk_hook_install
 .text.vprintk  0x0000000010002834       0x1c zephyr/libzephyr.a(printk.c.obj)
                0x0000000010002834                vprintk
 .text.extract_decimal
                0x0000000010002850       0x28 zephyr/libzephyr.a(cbprintf_complete.c.obj)
 .text.extract_flags
                0x0000000010002878       0x74 zephyr/libzephyr.a(cbprintf_complete.c.obj)
 .text.extract_length
                0x00000000100028ec       0xbc zephyr/libzephyr.a(cbprintf_complete.c.obj)
 .text.extract_specifier
                0x00000000100029a8      0x120 zephyr/libzephyr.a(cbprintf_complete.c.obj)
 .text.encode_uint
                0x0000000010002ac8       0xc0 zephyr/libzephyr.a(cbprintf_complete.c.obj)
 .text.store_count
                0x0000000010002b88       0x40 zephyr/libzephyr.a(cbprintf_complete.c.obj)
 .text.z_cbvprintf_impl
                0x0000000010002bc8      0x508 zephyr/libzephyr.a(cbprintf_complete.c.obj)
                0x0000000010002bc8                z_cbvprintf_impl
 .text.z_SysNmiOnReset
                0x00000000100030d0        0x4 zephyr/arch/arch/arm/core/libarch__arm__core.a(nmi_on_reset.S.obj)
                0x00000000100030d0                z_SysNmiOnReset
 .text._HandlerModeExit
                0x00000000100030d4       0x20 zephyr/arch/arch/arm/core/cortex_m/libarch__arm__core__cortex_m.a(exc_exit.c.obj)
                0x00000000100030d4                z_arm_int_exit
                0x00000000100030d4                z_arm_exc_exit
 .text.hard_fault
                0x00000000100030f4       0x58 zephyr/arch/arch/arm/core/cortex_m/libarch__arm__core__cortex_m.a(fault.c.obj)
 .text.z_arm_fault
                0x000000001000314c       0x90 zephyr/arch/arch/arm/core/cortex_m/libarch__arm__core__cortex_m.a(fault.c.obj)
                0x000000001000314c                z_arm_fault
 .text.z_arm_fault_init
                0x00000000100031dc       0x10 zephyr/arch/arch/arm/core/cortex_m/libarch__arm__core__cortex_m.a(fault.c.obj)
                0x00000000100031dc                z_arm_fault_init
 .text.__fault  0x00000000100031ec       0x14 zephyr/arch/arch/arm/core/cortex_m/libarch__arm__core__cortex_m.a(fault_s.S.obj)
                0x00000000100031ec                z_arm_hard_fault
                0x00000000100031ec                z_arm_exc_spurious
 .text._reset_section
                0x0000000010003200       0x28 zephyr/arch/arch/arm/core/cortex_m/libarch__arm__core__cortex_m.a(reset.S.obj)
                0x0000000010003200                __start
                0x0000000010003200                z_arm_reset
 .text.z_impl_k_thread_abort
                0x0000000010003228       0x3c zephyr/arch/arch/arm/core/cortex_m/libarch__arm__core__cortex_m.a(thread_abort.c.obj)
                0x0000000010003228                z_impl_k_thread_abort
 .text.z_arm_pendsv
                0x0000000010003264       0x60 zephyr/arch/arch/arm/core/cortex_m/libarch__arm__core__cortex_m.a(swap_helper.S.obj)
                0x0000000010003264                z_arm_pendsv
 .text.z_arm_svc
                0x00000000100032c4       0x28 zephyr/arch/arch/arm/core/cortex_m/libarch__arm__core__cortex_m.a(swap_helper.S.obj)
                0x00000000100032c4                z_arm_svc
 .text.__NVIC_SetPriority
                0x00000000100032ec       0x60 zephyr/arch/arch/arm/core/cortex_m/libarch__arm__core__cortex_m.a(irq_manage.c.obj)
 .text.arch_irq_enable
                0x000000001000334c       0x18 zephyr/arch/arch/arm/core/cortex_m/libarch__arm__core__cortex_m.a(irq_manage.c.obj)
                0x000000001000334c                arch_irq_enable
 .text.z_prep_c
                0x0000000010003364       0x2c zephyr/arch/arch/arm/core/cortex_m/libarch__arm__core__cortex_m.a(prep_c.c.obj)
                0x0000000010003364                z_prep_c
 .text.arch_new_thread
                0x0000000010003390       0x30 zephyr/arch/arch/arm/core/cortex_m/libarch__arm__core__cortex_m.a(thread.c.obj)
                0x0000000010003390                arch_new_thread
 .text.arch_switch_to_main_thread
                0x00000000100033c0       0x30 zephyr/arch/arch/arm/core/cortex_m/libarch__arm__core__cortex_m.a(thread.c.obj)
                0x00000000100033c0                arch_switch_to_main_thread
 .text.z_arm_cpu_idle_init
                0x00000000100033f0        0xc zephyr/arch/arch/arm/core/cortex_m/libarch__arm__core__cortex_m.a(cpu_idle.c.obj)
                0x00000000100033f0                z_arm_cpu_idle_init
 .text.__NVIC_SetPriority
                0x00000000100033fc       0x60 zephyr/arch/arch/arm/core/cortex_m/libarch__arm__core__cortex_m.a(irq_init.c.obj)
 .text._isr_wrapper
                0x000000001000345c       0x20 zephyr/arch/arch/arm/core/cortex_m/libarch__arm__core__cortex_m.a(isr_wrapper.c.obj)
                0x000000001000345c                _isr_wrapper
 .text.__stdout_hook_install
                0x000000001000347c        0xc zephyr/lib/libc/newlib/liblib__libc__newlib.a(libc-hooks.c.obj)
                0x000000001000347c                __stdout_hook_install
 .text.z_impl_zephyr_read_stdin
                0x0000000010003488       0x2c zephyr/lib/libc/newlib/liblib__libc__newlib.a(libc-hooks.c.obj)
                0x0000000010003488                z_impl_zephyr_read_stdin
 .text.z_impl_zephyr_write_stdout
                0x00000000100034b4       0x34 zephyr/lib/libc/newlib/liblib__libc__newlib.a(libc-hooks.c.obj)
                0x00000000100034b4                z_impl_zephyr_write_stdout
 .text._sbrk    0x00000000100034e8       0x2c zephyr/lib/libc/newlib/liblib__libc__newlib.a(libc-hooks.c.obj)
                0x00000000100034e8                sbrk
                0x00000000100034e8                _sbrk
 .text.abort    0x0000000010003514       0x18 zephyr/lib/libc/common/liblib__libc__common.a(abort.c.obj)
                0x0000000010003514                abort
 .text.rpi_pico_rosc_write
                0x000000001000352c       0x34 zephyr/drivers/clock_control/libdrivers__clock_control.a(clock_control_rpi_pico.c.obj)
 .text.rpi_pico_get_clock_src
                0x0000000010003560       0xd8 zephyr/drivers/clock_control/libdrivers__clock_control.a(clock_control_rpi_pico.c.obj)
 .text.rpi_pico_is_clock_enabled
                0x0000000010003638       0x68 zephyr/drivers/clock_control/libdrivers__clock_control.a(clock_control_rpi_pico.c.obj)
 .text.rpi_pico_calc_clock_freq
                0x00000000100036a0      0x10c zephyr/drivers/clock_control/libdrivers__clock_control.a(clock_control_rpi_pico.c.obj)
 .text.clock_control_rpi_pico_on
                0x00000000100037ac       0x60 zephyr/drivers/clock_control/libdrivers__clock_control.a(clock_control_rpi_pico.c.obj)
 .text.clock_control_rpi_pico_off
                0x000000001000380c       0x60 zephyr/drivers/clock_control/libdrivers__clock_control.a(clock_control_rpi_pico.c.obj)
 .text.clock_control_rpi_pico_init
                0x000000001000386c      0x210 zephyr/drivers/clock_control/libdrivers__clock_control.a(clock_control_rpi_pico.c.obj)
 .text.console_out
                0x0000000010003a7c       0x28 zephyr/drivers/console/libdrivers__console.a(uart_console.c.obj)
 .text.uart_console_hook_install
                0x0000000010003aa4       0x18 zephyr/drivers/console/libdrivers__console.a(uart_console.c.obj)
 .text.uart_console_init
                0x0000000010003abc       0x20 zephyr/drivers/console/libdrivers__console.a(uart_console.c.obj)
 .text.gpio_rpi_isr
                0x0000000010003adc       0x44 zephyr/drivers/gpio/libdrivers__gpio.a(gpio_rpi_pico.c.obj)
 .text.i2c_map_dt_bitrate
                0x0000000010003b20       0x50 zephyr/drivers/i2c/libdrivers__i2c.a(i2c_dw.c.obj)
 .text.i2c_dw_setup
                0x0000000010003b70       0xd4 zephyr/drivers/i2c/libdrivers__i2c.a(i2c_dw.c.obj)
 .text.i2c_dw_runtime_configure
                0x0000000010003c44      0x110 zephyr/drivers/i2c/libdrivers__i2c.a(i2c_dw.c.obj)
 .text.i2c_dw_transfer
                0x0000000010003d54      0x158 zephyr/drivers/i2c/libdrivers__i2c.a(i2c_dw.c.obj)
 .text.i2c_dw_initialize
                0x0000000010003eac       0xa0 zephyr/drivers/i2c/libdrivers__i2c.a(i2c_dw.c.obj)
 .text.bme680_calc_press
                0x0000000010003f4c       0xc0 zephyr/drivers/sensor/bosch/bme680/libdrivers__sensor__bosch__bme680.a(bme680.c.obj)
 .text.bme680_calc_humidity
                0x000000001000400c       0xac zephyr/drivers/sensor/bosch/bme680/libdrivers__sensor__bosch__bme680.a(bme680.c.obj)
 .text.bme680_calc_gas_resistance
                0x00000000100040b8       0xa4 zephyr/drivers/sensor/bosch/bme680/libdrivers__sensor__bosch__bme680.a(bme680.c.obj)
 .text.bme680_calc_res_heat
                0x000000001000415c       0x98 zephyr/drivers/sensor/bosch/bme680/libdrivers__sensor__bosch__bme680.a(bme680.c.obj)
 .text.bme680_channel_get
                0x00000000100041f4       0x9c zephyr/drivers/sensor/bosch/bme680/libdrivers__sensor__bosch__bme680.a(bme680.c.obj)
 .text.bme680_init
                0x0000000010004290       0x20 zephyr/drivers/sensor/bosch/bme680/libdrivers__sensor__bosch__bme680.a(bme680.c.obj)
 .text.pl011_set_flow_control
                0x00000000100042b0       0x4c zephyr/drivers/serial/libdrivers__serial.a(uart_pl011.c.obj)
 .text.pl011_set_baudrate
                0x00000000100042fc       0x60 zephyr/drivers/serial/libdrivers__serial.a(uart_pl011.c.obj)
 .text.pl011_irq_err_disable
                0x000000001000435c       0x14 zephyr/drivers/serial/libdrivers__serial.a(uart_pl011.c.obj)
 .text.pl011_init
                0x0000000010004370       0xe4 zephyr/drivers/serial/libdrivers__serial.a(uart_pl011.c.obj)
 .text.elapsed  0x0000000010004454       0x4c zephyr/drivers/timer/libdrivers__timer.a(cortex_m_systick.c.obj)
 .text.sys_clock_driver_init
                0x00000000100044a0       0x44 zephyr/drivers/timer/libdrivers__timer.a(cortex_m_systick.c.obj)
 .text.sys_clock_isr
                0x00000000100044e4       0x58 zephyr/drivers/timer/libdrivers__timer.a(cortex_m_systick.c.obj)
                0x00000000100044e4                sys_clock_isr
 .text.sys_clock_set_timeout
                0x000000001000453c      0x144 zephyr/drivers/timer/libdrivers__timer.a(cortex_m_systick.c.obj)
                0x000000001000453c                sys_clock_set_timeout
 .text.sys_clock_elapsed
                0x0000000010004680       0x38 zephyr/drivers/timer/libdrivers__timer.a(cortex_m_systick.c.obj)
                0x0000000010004680                sys_clock_elapsed
 .text.clock_configure_internal
                0x00000000100046b8       0xc4 modules/hal_rpi_pico/libmodules__hal_rpi_pico.a(clocks.c.obj)
 .text.clock_configure
                0x000000001000477c       0x68 modules/hal_rpi_pico/libmodules__hal_rpi_pico.a(clocks.c.obj)
                0x000000001000477c                clock_configure
 .text.pll_init
                0x00000000100047e4      0x124 modules/hal_rpi_pico/libmodules__hal_rpi_pico.a(pll.c.obj)
                0x00000000100047e4                pll_init
 .text.xosc_init
                0x0000000010004908       0x28 modules/hal_rpi_pico/libmodules__hal_rpi_pico.a(xosc.c.obj)
                0x0000000010004908                xosc_init
 .text.tick_start
                0x0000000010004930       0x10 modules/hal_rpi_pico/libmodules__hal_rpi_pico.a(ticks.c.obj)
                0x0000000010004930                tick_start
 .text.gpio_set_function
                0x0000000010004940       0x34 modules/hal_rpi_pico/libmodules__hal_rpi_pico.a(gpio.c.obj)
                0x0000000010004940                gpio_set_function
 .text.gpio_set_pulls
                0x0000000010004974       0x38 modules/hal_rpi_pico/libmodules__hal_rpi_pico.a(gpio.c.obj)
                0x0000000010004974                gpio_set_pulls
 .text.gpio_set_oeover
                0x00000000100049ac       0x24 modules/hal_rpi_pico/libmodules__hal_rpi_pico.a(gpio.c.obj)
                0x00000000100049ac                gpio_set_oeover
 .text.gpio_set_input_hysteresis_enabled
                0x00000000100049d0       0x28 modules/hal_rpi_pico/libmodules__hal_rpi_pico.a(gpio.c.obj)
                0x00000000100049d0                gpio_set_input_hysteresis_enabled
 .text.gpio_set_slew_rate
                0x00000000100049f8       0x20 modules/hal_rpi_pico/libmodules__hal_rpi_pico.a(gpio.c.obj)
                0x00000000100049f8                gpio_set_slew_rate
 .text.gpio_set_drive_strength
                0x0000000010004a18       0x24 modules/hal_rpi_pico/libmodules__hal_rpi_pico.a(gpio.c.obj)
                0x0000000010004a18                gpio_set_drive_strength
 .text.gpio_acknowledge_irq
                0x0000000010004a3c       0x18 modules/hal_rpi_pico/libmodules__hal_rpi_pico.a(gpio.c.obj)
                0x0000000010004a3c                gpio_acknowledge_irq
 .text.gpio_set_irq_enabled
                0x0000000010004a54       0x20 modules/hal_rpi_pico/libmodules__hal_rpi_pico.a(gpio.c.obj)
                0x0000000010004a54                gpio_set_irq_enabled
 .text.gpio_set_input_enabled
                0x0000000010004a74       0x28 modules/hal_rpi_pico/libmodules__hal_rpi_pico.a(gpio.c.obj)
                0x0000000010004a74                gpio_set_input_enabled
 .text.z_device_state_init
                0x0000000010004a9c       0x18 zephyr/kernel/libkernel.a(device.c.obj)
                0x0000000010004a9c                z_device_state_init
 .text.z_fatal_error
                0x0000000010004ab4       0x28 zephyr/kernel/libkernel.a(fatal.c.obj)
                0x0000000010004ab4                z_fatal_error
 .text.z_sys_init_run_level
                0x0000000010004adc       0x34 zephyr/kernel/libkernel.a(init.c.obj)
 .text.init_idle_thread
                0x0000000010004b10       0x6c zephyr/kernel/libkernel.a(init.c.obj)
 .text.thread_schedule_new
                0x0000000010004b7c       0x1c zephyr/kernel/libkernel.a(init.c.obj)
 .text.z_init_static_threads
                0x0000000010004b98       0x70 zephyr/kernel/libkernel.a(init.c.obj)
 .text.bg_thread_main
                0x0000000010004c08       0x38 zephyr/kernel/libkernel.a(init.c.obj)
 .text.switch_to_main_thread
                0x0000000010004c40       0x18 zephyr/kernel/libkernel.a(init.c.obj)
 .text.z_bss_zero
                0x0000000010004c58       0x18 zephyr/kernel/libkernel.a(init.c.obj)
                0x0000000010004c58                z_bss_zero
 .text.z_init_cpu
                0x0000000010004c70       0x44 zephyr/kernel/libkernel.a(init.c.obj)
                0x0000000010004c70                z_init_cpu
 .text.prepare_multithreading
                0x0000000010004cb4       0x60 zephyr/kernel/libkernel.a(init.c.obj)
 .text.z_cstart
                0x0000000010004d14       0x54 zephyr/kernel/libkernel.a(init.c.obj)
                0x0000000010004d14                z_cstart
 .text.z_impl_k_mutex_lock
                0x0000000010004d68      0x108 zephyr/kernel/libkernel.a(mutex.c.obj)
                0x0000000010004d68                z_impl_k_mutex_lock
 .text.z_impl_k_mutex_unlock
                0x0000000010004e70       0xb8 zephyr/kernel/libkernel.a(mutex.c.obj)
                0x0000000010004e70                z_impl_k_mutex_unlock
 .text.z_impl_k_sem_give
                0x0000000010004f28       0x94 zephyr/kernel/libkernel.a(sem.c.obj)
                0x0000000010004f28                z_impl_k_sem_give
 .text.z_impl_k_sem_take
                0x0000000010004fbc       0x50 zephyr/kernel/libkernel.a(sem.c.obj)
                0x0000000010004fbc                z_impl_k_sem_take
 .text.z_setup_new_thread
                0x000000001000500c       0x60 zephyr/kernel/libkernel.a(thread.c.obj)
                0x000000001000500c                z_setup_new_thread
 .text.z_dummy_thread_init
                0x000000001000506c       0x14 zephyr/kernel/libkernel.a(thread.c.obj)
                0x000000001000506c                z_dummy_thread_init
 .text.z_swap_irqlock
                0x0000000010005080       0x2c zephyr/kernel/libkernel.a(sched.c.obj)
 .text.ready_thread
                0x00000000100050ac       0xb8 zephyr/kernel/libkernel.a(sched.c.obj)
 .text.unready_thread
                0x0000000010005164       0x68 zephyr/kernel/libkernel.a(sched.c.obj)
 .text.thread_halt_spin
                0x00000000100051cc      0x108 zephyr/kernel/libkernel.a(sched.c.obj)
 .text.add_thread_timeout
                0x00000000100052d4       0x1c zephyr/kernel/libkernel.a(sched.c.obj)
 .text.move_thread_to_end_of_prio_q
                0x00000000100052f0       0xcc zephyr/kernel/libkernel.a(sched.c.obj)
                0x00000000100052f0                move_thread_to_end_of_prio_q
 .text.z_pend_curr
                0x00000000100053bc       0x30 zephyr/kernel/libkernel.a(sched.c.obj)
                0x00000000100053bc                z_pend_curr
 .text.z_thread_prio_set
                0x00000000100053ec       0xec zephyr/kernel/libkernel.a(sched.c.obj)
                0x00000000100053ec                z_thread_prio_set
 .text.z_reschedule
                0x00000000100054d8       0x30 zephyr/kernel/libkernel.a(sched.c.obj)
                0x00000000100054d8                z_reschedule
 .text.z_reschedule_irqlock
                0x0000000010005508       0x30 zephyr/kernel/libkernel.a(sched.c.obj)
                0x0000000010005508                z_reschedule_irqlock
 .text.k_sched_lock
                0x0000000010005538       0x2c zephyr/kernel/libkernel.a(sched.c.obj)
                0x0000000010005538                k_sched_lock
 .text.k_sched_unlock
                0x0000000010005564       0x70 zephyr/kernel/libkernel.a(sched.c.obj)
                0x0000000010005564                k_sched_unlock
 .text.z_sched_init
                0x00000000100055d4       0x10 zephyr/kernel/libkernel.a(sched.c.obj)
                0x00000000100055d4                z_sched_init
 .text.z_impl_k_yield
                0x00000000100055e4       0x9c zephyr/kernel/libkernel.a(sched.c.obj)
                0x00000000100055e4                z_impl_k_yield
 .text.z_tick_sleep
                0x0000000010005680       0x8c zephyr/kernel/libkernel.a(sched.c.obj)
 .text.z_impl_k_wakeup
                0x000000001000570c       0x40 zephyr/kernel/libkernel.a(sched.c.obj)
                0x000000001000570c                z_impl_k_wakeup
 .text.z_impl_k_sched_current_thread_query
                0x000000001000574c        0xc zephyr/kernel/libkernel.a(sched.c.obj)
                0x000000001000574c                z_impl_k_sched_current_thread_query
 .text.z_thread_abort
                0x0000000010005758      0x15c zephyr/kernel/libkernel.a(sched.c.obj)
                0x0000000010005758                z_thread_abort
 .text.slice_timeout
                0x00000000100058b4       0x2c zephyr/kernel/libkernel.a(timeslicing.c.obj)
 .text.thread_is_sliceable
                0x00000000100058e0       0x4c zephyr/kernel/libkernel.a(timeslicing.c.obj)
                0x00000000100058e0                thread_is_sliceable
 .text.z_reset_time_slice
                0x000000001000592c       0x50 zephyr/kernel/libkernel.a(timeslicing.c.obj)
                0x000000001000592c                z_reset_time_slice
 .text.z_time_slice
                0x000000001000597c       0x70 zephyr/kernel/libkernel.a(timeslicing.c.obj)
                0x000000001000597c                z_time_slice
 .text.z_data_copy
                0x00000000100059ec       0x34 zephyr/kernel/libkernel.a(xip.c.obj)
                0x00000000100059ec                z_data_copy
 .text.first    0x0000000010005a20       0x14 zephyr/kernel/libkernel.a(timeout.c.obj)
 .text.next     0x0000000010005a34       0x18 zephyr/kernel/libkernel.a(timeout.c.obj)
 .text.elapsed  0x0000000010005a4c       0x18 zephyr/kernel/libkernel.a(timeout.c.obj)
 .text.next_timeout
                0x0000000010005a64       0x44 zephyr/kernel/libkernel.a(timeout.c.obj)
 .text.z_add_timeout
                0x0000000010005aa8      0x118 zephyr/kernel/libkernel.a(timeout.c.obj)
                0x0000000010005aa8                z_add_timeout
 .text.sys_clock_announce
                0x0000000010005bc0       0xd4 zephyr/kernel/libkernel.a(timeout.c.obj)
                0x0000000010005bc0                sys_clock_announce
 .text.sys_clock_tick_get
                0x0000000010005c94       0x3c zephyr/kernel/libkernel.a(timeout.c.obj)
                0x0000000010005c94                sys_clock_tick_get
 .text.boot_banner
                0x0000000010005cd0       0x10 zephyr/kernel/libkernel.a(banner.c.obj)
                0x0000000010005cd0                boot_banner
 .text.__assert_func
                0x0000000010005ce0       0x40 C:/Users/axelo/zephyr-sdk-0.17.0/arm-zephyr-eabi/arm-zephyr-eabi/lib/thumb/v6-m/nofp\libc.a(lib_a-assert.o)
                0x0000000010005ce0                __assert_func
 .text.fiprintf
                0x0000000010005d20       0x24 C:/Users/axelo/zephyr-sdk-0.17.0/arm-zephyr-eabi/arm-zephyr-eabi/lib/thumb/v6-m/nofp\libc.a(lib_a-fiprintf.o)
                0x0000000010005d20                fiprintf
 .text.malloc   0x0000000010005d44       0x14 C:/Users/axelo/zephyr-sdk-0.17.0/arm-zephyr-eabi/arm-zephyr-eabi/lib/thumb/v6-m/nofp\libc.a(lib_a-malloc.o)
                0x0000000010005d44                malloc
 .text.free     0x0000000010005d58       0x14 C:/Users/axelo/zephyr-sdk-0.17.0/arm-zephyr-eabi/arm-zephyr-eabi/lib/thumb/v6-m/nofp\libc.a(lib_a-malloc.o)
                0x0000000010005d58                free
 .text._malloc_r
                0x0000000010005d6c      0x548 C:/Users/axelo/zephyr-sdk-0.17.0/arm-zephyr-eabi/arm-zephyr-eabi/lib/thumb/v6-m/nofp\libc.a(lib_a-mallocr.o)
                0x0000000010005d6c                _malloc_r
 .text.memcpy   0x00000000100062b4       0x90 C:/Users/axelo/zephyr-sdk-0.17.0/arm-zephyr-eabi/arm-zephyr-eabi/lib/thumb/v6-m/nofp\libc.a(lib_a-memcpy-stub.o)
                0x00000000100062b4                memcpy
 .text.memset   0x0000000010006344       0xa8 C:/Users/axelo/zephyr-sdk-0.17.0/arm-zephyr-eabi/arm-zephyr-eabi/lib/thumb/v6-m/nofp\libc.a(lib_a-memset.o)
                0x0000000010006344                memset
 .text.__malloc_lock
                0x00000000100063ec       0x10 C:/Users/axelo/zephyr-sdk-0.17.0/arm-zephyr-eabi/arm-zephyr-eabi/lib/thumb/v6-m/nofp\libc.a(lib_a-mlock.o)
                0x00000000100063ec                __malloc_lock
 .text.__malloc_unlock
                0x00000000100063fc       0x10 C:/Users/axelo/zephyr-sdk-0.17.0/arm-zephyr-eabi/arm-zephyr-eabi/lib/thumb/v6-m/nofp\libc.a(lib_a-mlock.o)
                0x00000000100063fc                __malloc_unlock
 .text.printf   0x000000001000640c       0x24 C:/Users/axelo/zephyr-sdk-0.17.0/arm-zephyr-eabi/arm-zephyr-eabi/lib/thumb/v6-m/nofp\libc.a(lib_a-printf.o)
                0x000000001000640c                printf
 .text._sbrk_r  0x0000000010006430       0x24 C:/Users/axelo/zephyr-sdk-0.17.0/arm-zephyr-eabi/arm-zephyr-eabi/lib/thumb/v6-m/nofp\libc.a(lib_a-sbrkr.o)
                0x0000000010006430                _sbrk_r
 .text.strlen   0x0000000010006454       0x5c C:/Users/axelo/zephyr-sdk-0.17.0/arm-zephyr-eabi/arm-zephyr-eabi/lib/thumb/v6-m/nofp\libc.a(lib_a-strlen-stub.o)
                0x0000000010006454                strlen
 .text.strnlen  0x00000000100064b0       0x24 C:/Users/axelo/zephyr-sdk-0.17.0/arm-zephyr-eabi/arm-zephyr-eabi/lib/thumb/v6-m/nofp\libc.a(lib_a-strnlen.o)
                0x00000000100064b0                strnlen
 .text.__sprint_r
                0x00000000100064d4       0x20 C:/Users/axelo/zephyr-sdk-0.17.0/arm-zephyr-eabi/arm-zephyr-eabi/lib/thumb/v6-m/nofp\libc.a(lib_a-vfiprintf.o)
                0x00000000100064d4                __sprint_r
 .text._vfiprintf_r
                0x00000000100064f4      0xd5c C:/Users/axelo/zephyr-sdk-0.17.0/arm-zephyr-eabi/arm-zephyr-eabi/lib/thumb/v6-m/nofp\libc.a(lib_a-vfiprintf.o)
                0x00000000100064f4                _vfiprintf_r
 .text.__sbprintf
                0x0000000010007250       0x8c C:/Users/axelo/zephyr-sdk-0.17.0/arm-zephyr-eabi/arm-zephyr-eabi/lib/thumb/v6-m/nofp\libc.a(lib_a-vfiprintf.o)
 .text._vfprintf_r
                0x00000000100072dc     0x1b28 C:/Users/axelo/zephyr-sdk-0.17.0/arm-zephyr-eabi/arm-zephyr-eabi/lib/thumb/v6-m/nofp\libc.a(lib_a-vfprintf.o)
                0x00000000100072dc                _vfprintf_r
 .text.__sbprintf
                0x0000000010008e04       0x8c C:/Users/axelo/zephyr-sdk-0.17.0/arm-zephyr-eabi/arm-zephyr-eabi/lib/thumb/v6-m/nofp\libc.a(lib_a-vfprintf.o)
 .text.__swsetup_r
                0x0000000010008e90       0xd0 C:/Users/axelo/zephyr-sdk-0.17.0/arm-zephyr-eabi/arm-zephyr-eabi/lib/thumb/v6-m/nofp\libc.a(lib_a-wsetup.o)
                0x0000000010008e90                __swsetup_r
 .text.quorem   0x0000000010008f60      0x154 C:/Users/axelo/zephyr-sdk-0.17.0/arm-zephyr-eabi/arm-zephyr-eabi/lib/thumb/v6-m/nofp\libc.a(lib_a-dtoa.o)
 .text._dtoa_r  0x00000000100090b4      0xf8c C:/Users/axelo/zephyr-sdk-0.17.0/arm-zephyr-eabi/arm-zephyr-eabi/lib/thumb/v6-m/nofp\libc.a(lib_a-dtoa.o)
                0x00000000100090b4                _dtoa_r
 .text.__sflush_r
                0x000000001000a040      0x124 C:/Users/axelo/zephyr-sdk-0.17.0/arm-zephyr-eabi/arm-zephyr-eabi/lib/thumb/v6-m/nofp\libc.a(lib_a-fflush.o)
                0x000000001000a040                __sflush_r
 .text._fflush_r
                0x000000001000a164       0x6c C:/Users/axelo/zephyr-sdk-0.17.0/arm-zephyr-eabi/arm-zephyr-eabi/lib/thumb/v6-m/nofp\libc.a(lib_a-fflush.o)
                0x000000001000a164                _fflush_r
 .text._cleanup_r
                0x000000001000a1d0       0x10 C:/Users/axelo/zephyr-sdk-0.17.0/arm-zephyr-eabi/arm-zephyr-eabi/lib/thumb/v6-m/nofp\libc.a(lib_a-findfp.o)
                0x000000001000a1d0                _cleanup_r
 .text.__sinit  0x000000001000a1e0      0x124 C:/Users/axelo/zephyr-sdk-0.17.0/arm-zephyr-eabi/arm-zephyr-eabi/lib/thumb/v6-m/nofp\libc.a(lib_a-findfp.o)
                0x000000001000a1e0                __sinit
 .text._malloc_trim_r
                0x000000001000a304       0xa8 C:/Users/axelo/zephyr-sdk-0.17.0/arm-zephyr-eabi/arm-zephyr-eabi/lib/thumb/v6-m/nofp\libc.a(lib_a-freer.o)
                0x000000001000a304                _malloc_trim_r
 .text._free_r  0x000000001000a3ac      0x1d4 C:/Users/axelo/zephyr-sdk-0.17.0/arm-zephyr-eabi/arm-zephyr-eabi/lib/thumb/v6-m/nofp\libc.a(lib_a-freer.o)
                0x000000001000a3ac                _free_r
 .text.__sfvwrite_r
                0x000000001000a580      0x310 C:/Users/axelo/zephyr-sdk-0.17.0/arm-zephyr-eabi/arm-zephyr-eabi/lib/thumb/v6-m/nofp\libc.a(lib_a-fvwrite.o)
                0x000000001000a580                __sfvwrite_r
 .text._fwalk_reent
                0x000000001000a890       0x48 C:/Users/axelo/zephyr-sdk-0.17.0/arm-zephyr-eabi/arm-zephyr-eabi/lib/thumb/v6-m/nofp\libc.a(lib_a-fwalk.o)
                0x000000001000a890                _fwalk_reent
 .text._localeconv_r
                0x000000001000a8d8        0x8 C:/Users/axelo/zephyr-sdk-0.17.0/arm-zephyr-eabi/arm-zephyr-eabi/lib/thumb/v6-m/nofp\libc.a(lib_a-localeconv.o)
                0x000000001000a8d8                _localeconv_r
 .text.__smakebuf_r
                0x000000001000a8e0       0xc0 C:/Users/axelo/zephyr-sdk-0.17.0/arm-zephyr-eabi/arm-zephyr-eabi/lib/thumb/v6-m/nofp\libc.a(lib_a-makebuf.o)
                0x000000001000a8e0                __smakebuf_r
 .text.memchr   0x000000001000a9a0       0x74 C:/Users/axelo/zephyr-sdk-0.17.0/arm-zephyr-eabi/arm-zephyr-eabi/lib/thumb/v6-m/nofp\libc.a(lib_a-memchr-stub.o)
                0x000000001000a9a0                memchr
 .text.memmove  0x000000001000aa14       0xb0 C:/Users/axelo/zephyr-sdk-0.17.0/arm-zephyr-eabi/arm-zephyr-eabi/lib/thumb/v6-m/nofp\libc.a(lib_a-memmove.o)
                0x000000001000aa14                memmove
 .text._Balloc  0x000000001000aac4       0x50 C:/Users/axelo/zephyr-sdk-0.17.0/arm-zephyr-eabi/arm-zephyr-eabi/lib/thumb/v6-m/nofp\libc.a(lib_a-mprec.o)
                0x000000001000aac4                _Balloc
 .text._Bfree   0x000000001000ab14       0x14 C:/Users/axelo/zephyr-sdk-0.17.0/arm-zephyr-eabi/arm-zephyr-eabi/lib/thumb/v6-m/nofp\libc.a(lib_a-mprec.o)
                0x000000001000ab14                _Bfree
 .text.__multadd
                0x000000001000ab28       0xa8 C:/Users/axelo/zephyr-sdk-0.17.0/arm-zephyr-eabi/arm-zephyr-eabi/lib/thumb/v6-m/nofp\libc.a(lib_a-mprec.o)
                0x000000001000ab28                __multadd
 .text.__hi0bits
                0x000000001000abd0       0x4c C:/Users/axelo/zephyr-sdk-0.17.0/arm-zephyr-eabi/arm-zephyr-eabi/lib/thumb/v6-m/nofp\libc.a(lib_a-mprec.o)
                0x000000001000abd0                __hi0bits
 .text.__lo0bits
                0x000000001000ac1c       0x5c C:/Users/axelo/zephyr-sdk-0.17.0/arm-zephyr-eabi/arm-zephyr-eabi/lib/thumb/v6-m/nofp\libc.a(lib_a-mprec.o)
                0x000000001000ac1c                __lo0bits
 .text.__i2b    0x000000001000ac78       0x60 C:/Users/axelo/zephyr-sdk-0.17.0/arm-zephyr-eabi/arm-zephyr-eabi/lib/thumb/v6-m/nofp\libc.a(lib_a-mprec.o)
                0x000000001000ac78                __i2b
 .text.__multiply
                0x000000001000acd8      0x1b0 C:/Users/axelo/zephyr-sdk-0.17.0/arm-zephyr-eabi/arm-zephyr-eabi/lib/thumb/v6-m/nofp\libc.a(lib_a-mprec.o)
                0x000000001000acd8                __multiply
 .text.__pow5mult
                0x000000001000ae88       0xd0 C:/Users/axelo/zephyr-sdk-0.17.0/arm-zephyr-eabi/arm-zephyr-eabi/lib/thumb/v6-m/nofp\libc.a(lib_a-mprec.o)
                0x000000001000ae88                __pow5mult
 .text.__lshift
                0x000000001000af58       0xfc C:/Users/axelo/zephyr-sdk-0.17.0/arm-zephyr-eabi/arm-zephyr-eabi/lib/thumb/v6-m/nofp\libc.a(lib_a-mprec.o)
                0x000000001000af58                __lshift
 .text.__mcmp   0x000000001000b054       0x3c C:/Users/axelo/zephyr-sdk-0.17.0/arm-zephyr-eabi/arm-zephyr-eabi/lib/thumb/v6-m/nofp\libc.a(lib_a-mprec.o)
                0x000000001000b054                __mcmp
 .text.__mdiff  0x000000001000b090      0x1a4 C:/Users/axelo/zephyr-sdk-0.17.0/arm-zephyr-eabi/arm-zephyr-eabi/lib/thumb/v6-m/nofp\libc.a(lib_a-mprec.o)
                0x000000001000b090                __mdiff
 .text.__d2b    0x000000001000b234       0xcc C:/Users/axelo/zephyr-sdk-0.17.0/arm-zephyr-eabi/arm-zephyr-eabi/lib/thumb/v6-m/nofp\libc.a(lib_a-mprec.o)
                0x000000001000b234                __d2b
 .text._realloc_r
                0x000000001000b300      0x350 C:/Users/axelo/zephyr-sdk-0.17.0/arm-zephyr-eabi/arm-zephyr-eabi/lib/thumb/v6-m/nofp\libc.a(lib_a-reallocr.o)
                0x000000001000b300                _realloc_r
 .text.frexp    0x000000001000b650       0x68 C:/Users/axelo/zephyr-sdk-0.17.0/arm-zephyr-eabi/arm-zephyr-eabi/lib/thumb/v6-m/nofp\libc.a(lib_a-s_frexp.o)
                0x000000001000b650                frexp
 .text.__sread  0x000000001000b6b8       0x28 C:/Users/axelo/zephyr-sdk-0.17.0/arm-zephyr-eabi/arm-zephyr-eabi/lib/thumb/v6-m/nofp\libc.a(lib_a-stdio.o)
                0x000000001000b6b8                __sread
 .text.__swrite
                0x000000001000b6e0       0x40 C:/Users/axelo/zephyr-sdk-0.17.0/arm-zephyr-eabi/arm-zephyr-eabi/lib/thumb/v6-m/nofp\libc.a(lib_a-stdio.o)
                0x000000001000b6e0                __swrite
 .text.__sseek  0x000000001000b720       0x30 C:/Users/axelo/zephyr-sdk-0.17.0/arm-zephyr-eabi/arm-zephyr-eabi/lib/thumb/v6-m/nofp\libc.a(lib_a-stdio.o)
                0x000000001000b720                __sseek
 .text.__sclose
                0x000000001000b750        0xc C:/Users/axelo/zephyr-sdk-0.17.0/arm-zephyr-eabi/arm-zephyr-eabi/lib/thumb/v6-m/nofp\libc.a(lib_a-stdio.o)
                0x000000001000b750                __sclose
 .text.strncpy  0x000000001000b75c       0x60 C:/Users/axelo/zephyr-sdk-0.17.0/arm-zephyr-eabi/arm-zephyr-eabi/lib/thumb/v6-m/nofp\libc.a(lib_a-strncpy.o)
                0x000000001000b75c                strncpy
 .text._write_r
                0x000000001000b7bc       0x28 C:/Users/axelo/zephyr-sdk-0.17.0/arm-zephyr-eabi/arm-zephyr-eabi/lib/thumb/v6-m/nofp\libc.a(lib_a-writer.o)
                0x000000001000b7bc                _write_r
 .text._calloc_r
                0x000000001000b7e4       0x5c C:/Users/axelo/zephyr-sdk-0.17.0/arm-zephyr-eabi/arm-zephyr-eabi/lib/thumb/v6-m/nofp\libc.a(lib_a-callocr.o)
                0x000000001000b7e4                _calloc_r
 .text._close_r
                0x000000001000b840       0x24 C:/Users/axelo/zephyr-sdk-0.17.0/arm-zephyr-eabi/arm-zephyr-eabi/lib/thumb/v6-m/nofp\libc.a(lib_a-closer.o)
                0x000000001000b840                _close_r
 .text._fstat_r
                0x000000001000b864       0x28 C:/Users/axelo/zephyr-sdk-0.17.0/arm-zephyr-eabi/arm-zephyr-eabi/lib/thumb/v6-m/nofp\libc.a(lib_a-fstatr.o)
                0x000000001000b864                _fstat_r
 .text._isatty_r
                0x000000001000b88c       0x24 C:/Users/axelo/zephyr-sdk-0.17.0/arm-zephyr-eabi/arm-zephyr-eabi/lib/thumb/v6-m/nofp\libc.a(lib_a-isattyr.o)
                0x000000001000b88c                _isatty_r
 .text._lseek_r
                0x000000001000b8b0       0x28 C:/Users/axelo/zephyr-sdk-0.17.0/arm-zephyr-eabi/arm-zephyr-eabi/lib/thumb/v6-m/nofp\libc.a(lib_a-lseekr.o)
                0x000000001000b8b0                _lseek_r
 .text.__ascii_mbtowc
                0x000000001000b8d8       0x2c C:/Users/axelo/zephyr-sdk-0.17.0/arm-zephyr-eabi/arm-zephyr-eabi/lib/thumb/v6-m/nofp\libc.a(lib_a-mbtowc_r.o)
                0x000000001000b8d8                __ascii_mbtowc
 .text._read_r  0x000000001000b904       0x28 C:/Users/axelo/zephyr-sdk-0.17.0/arm-zephyr-eabi/arm-zephyr-eabi/lib/thumb/v6-m/nofp\libc.a(lib_a-readr.o)
                0x000000001000b904                _read_r
 .text.__ascii_wctomb
                0x000000001000b92c       0x1c C:/Users/axelo/zephyr-sdk-0.17.0/arm-zephyr-eabi/arm-zephyr-eabi/lib/thumb/v6-m/nofp\libc.a(lib_a-wctomb_r.o)
                0x000000001000b92c                __ascii_wctomb
 .text._OffsetAbsSyms
                0x000000001000b948        0x2 zephyr/CMakeFiles/offsets.dir/./arch/arm/core/offsets/offsets.c.obj
                0x000000001000b948                _OffsetAbsSyms
 .text.arch_printk_char_out
                0x000000001000b94a        0x4 zephyr/libzephyr.a(printk.c.obj)
                0x000000001000b94a                arch_printk_char_out
 .text.printk   0x000000001000b94e       0x18 zephyr/libzephyr.a(printk.c.obj)
                0x000000001000b94e                printk
 .text.z_thread_entry
                0x000000001000b966       0x14 zephyr/libzephyr.a(thread_entry.c.obj)
                0x000000001000b966                z_thread_entry
 .text.extract_width
                0x000000001000b97a       0x66 zephyr/libzephyr.a(cbprintf_complete.c.obj)
 .text.extract_prec
                0x000000001000b9e0       0x6c zephyr/libzephyr.a(cbprintf_complete.c.obj)
 .text.extract_conversion
                0x000000001000ba4c       0x44 zephyr/libzephyr.a(cbprintf_complete.c.obj)
 .text.conversion_radix
                0x000000001000ba90       0x2a zephyr/libzephyr.a(cbprintf_complete.c.obj)
 .text.outs     0x000000001000baba       0x36 zephyr/libzephyr.a(cbprintf_complete.c.obj)
 .text._ConfigAbsSyms
                0x000000001000baf0        0x2 zephyr/libzephyr.a(configs.c.obj)
                0x000000001000baf0                _ConfigAbsSyms
 .text.z_arm_fatal_error
                0x000000001000baf2       0x12 zephyr/arch/arch/arm/core/libarch__arm__core.a(fatal.c.obj)
                0x000000001000baf2                z_arm_fatal_error
 .text.z_do_kernel_oops
                0x000000001000bb04        0xc zephyr/arch/arch/arm/core/libarch__arm__core.a(fatal.c.obj)
                0x000000001000bb04                z_do_kernel_oops
 .text.z_arm_nmi
                0x000000001000bb10        0xc zephyr/arch/arch/arm/core/libarch__arm__core.a(nmi.c.obj)
                0x000000001000bb10                z_arm_nmi
 .text.memory_fault_recoverable
                0x000000001000bb1c        0x4 zephyr/arch/arch/arm/core/cortex_m/libarch__arm__core__cortex_m.a(fault.c.obj)
 .text.fault_handle
                0x000000001000bb20       0x16 zephyr/arch/arch/arm/core/cortex_m/libarch__arm__core__cortex_m.a(fault.c.obj)
 .text.z_arm_irq_priority_set
                0x000000001000bb36        0xa zephyr/arch/arch/arm/core/cortex_m/libarch__arm__core__cortex_m.a(irq_manage.c.obj)
                0x000000001000bb36                z_arm_irq_priority_set
 .text.z_irq_spurious
                0x000000001000bb40        0xc zephyr/arch/arch/arm/core/cortex_m/libarch__arm__core__cortex_m.a(irq_manage.c.obj)
                0x000000001000bb40                z_irq_spurious
 .text.arch_irq_unlock_outlined
                0x000000001000bb4c        0xc zephyr/arch/arch/arm/core/cortex_m/libarch__arm__core__cortex_m.a(thread.c.obj)
                0x000000001000bb4c                arch_irq_unlock_outlined
 .text.arch_cpu_idle
                0x000000001000bb58        0xe zephyr/arch/arch/arm/core/cortex_m/libarch__arm__core__cortex_m.a(cpu_idle.c.obj)
                0x000000001000bb58                arch_cpu_idle
 .text.z_arm_interrupt_init
                0x000000001000bb66       0x16 zephyr/arch/arch/arm/core/cortex_m/libarch__arm__core__cortex_m.a(irq_init.c.obj)
                0x000000001000bb66                z_arm_interrupt_init
 .text.malloc_prepare
                0x000000001000bb7c        0x4 zephyr/lib/libc/newlib/liblib__libc__newlib.a(libc-hooks.c.obj)
 .text._stdout_hook_default
                0x000000001000bb80        0x6 zephyr/lib/libc/newlib/liblib__libc__newlib.a(libc-hooks.c.obj)
 .text._stdin_hook_default
                0x000000001000bb86        0x4 zephyr/lib/libc/newlib/liblib__libc__newlib.a(libc-hooks.c.obj)
 .text._read    0x000000001000bb8a        0xc zephyr/lib/libc/newlib/liblib__libc__newlib.a(libc-hooks.c.obj)
                0x000000001000bb8a                _read
                0x000000001000bb8a                read
 .text._write   0x000000001000bb96        0xc zephyr/lib/libc/newlib/liblib__libc__newlib.a(libc-hooks.c.obj)
                0x000000001000bb96                _write
                0x000000001000bb96                write
 .text._close   0x000000001000bba2        0x6 zephyr/lib/libc/newlib/liblib__libc__newlib.a(libc-hooks.c.obj)
                0x000000001000bba2                _close
                0x000000001000bba2                close
 .text._lseek   0x000000001000bba8        0x4 zephyr/lib/libc/newlib/liblib__libc__newlib.a(libc-hooks.c.obj)
                0x000000001000bba8                _lseek
                0x000000001000bba8                lseek
 .text._isatty  0x000000001000bbac        0xe zephyr/lib/libc/newlib/liblib__libc__newlib.a(libc-hooks.c.obj)
                0x000000001000bbac                _isatty
                0x000000001000bbac                isatty
 .text._fstat   0x000000001000bbba        0xa zephyr/lib/libc/newlib/liblib__libc__newlib.a(libc-hooks.c.obj)
                0x000000001000bbba                fstat
                0x000000001000bbba                _fstat
 .text.__retarget_lock_init_recursive
                0x000000001000bbc4       0x12 zephyr/lib/libc/newlib/liblib__libc__newlib.a(libc-hooks.c.obj)
                0x000000001000bbc4                __retarget_lock_init_recursive
 .text.__retarget_lock_close_recursive
                0x000000001000bbd6        0x8 zephyr/lib/libc/newlib/liblib__libc__newlib.a(libc-hooks.c.obj)
                0x000000001000bbd6                __retarget_lock_close_recursive
 .text.__retarget_lock_acquire_recursive
                0x000000001000bbde        0xe zephyr/lib/libc/newlib/liblib__libc__newlib.a(libc-hooks.c.obj)
                0x000000001000bbde                __retarget_lock_acquire_recursive
 .text.__retarget_lock_release_recursive
                0x000000001000bbec        0x8 zephyr/lib/libc/newlib/liblib__libc__newlib.a(libc-hooks.c.obj)
                0x000000001000bbec                __retarget_lock_release_recursive
 .text.rpi_pico_is_valid_clock_index
                0x000000001000bbf4        0xe zephyr/drivers/clock_control/libdrivers__clock_control.a(clock_control_rpi_pico.c.obj)
 .text.clock_control_rpi_pico_get_status
                0x000000001000bc02       0x28 zephyr/drivers/clock_control/libdrivers__clock_control.a(clock_control_rpi_pico.c.obj)
 .text.clock_control_rpi_pico_get_rate
                0x000000001000bc2a       0x2a zephyr/drivers/clock_control/libdrivers__clock_control.a(clock_control_rpi_pico.c.obj)
 .text.pinctrl_apply_state
                0x000000001000bc54       0x1e zephyr/drivers/clock_control/libdrivers__clock_control.a(clock_control_rpi_pico.c.obj)
 .text.rpi_pico_clkid_tuple_swap
                0x000000001000bc72       0x2a zephyr/drivers/clock_control/libdrivers__clock_control.a(clock_control_rpi_pico.c.obj)
                0x000000001000bc72                rpi_pico_clkid_tuple_swap
 .text.rpi_pico_clkid_tuple_reorder_by_dependencies
                0x000000001000bc9c       0x58 zephyr/drivers/clock_control/libdrivers__clock_control.a(clock_control_rpi_pico.c.obj)
                0x000000001000bc9c                rpi_pico_clkid_tuple_reorder_by_dependencies
 .text.sys_slist_remove
                0x000000001000bcf4       0x26 zephyr/drivers/gpio/libdrivers__gpio.a(gpio_rpi_pico.c.obj)
 .text.sys_slist_find_and_remove
                0x000000001000bd1a       0x22 zephyr/drivers/gpio/libdrivers__gpio.a(gpio_rpi_pico.c.obj)
 .text.gpio_manage_callback
                0x000000001000bd3c       0x46 zephyr/drivers/gpio/libdrivers__gpio.a(gpio_rpi_pico.c.obj)
 .text.gpio_fire_callbacks
                0x000000001000bd82       0x4c zephyr/drivers/gpio/libdrivers__gpio.a(gpio_rpi_pico.c.obj)
 .text.gpio_rpi_port_get_raw
                0x000000001000bdce        0xc zephyr/drivers/gpio/libdrivers__gpio.a(gpio_rpi_pico.c.obj)
 .text.gpio_rpi_port_set_masked_raw
                0x000000001000bdda       0x3a zephyr/drivers/gpio/libdrivers__gpio.a(gpio_rpi_pico.c.obj)
 .text.gpio_rpi_port_set_bits_raw
                0x000000001000be14       0x28 zephyr/drivers/gpio/libdrivers__gpio.a(gpio_rpi_pico.c.obj)
 .text.gpio_rpi_port_clear_bits_raw
                0x000000001000be3c       0x28 zephyr/drivers/gpio/libdrivers__gpio.a(gpio_rpi_pico.c.obj)
 .text.gpio_rpi_port_toggle_bits
                0x000000001000be64       0x18 zephyr/drivers/gpio/libdrivers__gpio.a(gpio_rpi_pico.c.obj)
 .text.gpio_rpi_manage_callback
                0x000000001000be7c        0xc zephyr/drivers/gpio/libdrivers__gpio.a(gpio_rpi_pico.c.obj)
 .text.gpio_rpi_bank_init
                0x000000001000be88        0xc zephyr/drivers/gpio/libdrivers__gpio.a(gpio_rpi_pico.c.obj)
 .text.gpio_rpi_pin_interrupt_configure
                0x000000001000be94       0x6e zephyr/drivers/gpio/libdrivers__gpio.a(gpio_rpi_pico.c.obj)
 .text.gpio_rpi_configure
                0x000000001000bf02       0xe2 zephyr/drivers/gpio/libdrivers__gpio.a(gpio_rpi_pico.c.obj)
 .text.bank_0_config_func
                0x000000001000bfe4       0x14 zephyr/drivers/gpio/libdrivers__gpio.a(gpio_rpi_pico.c.obj)
 .text.reset_line_toggle
                0x000000001000bff8       0x14 zephyr/drivers/i2c/libdrivers__i2c.a(i2c_dw.c.obj)
 .text.i2c_dw_data_ask
                0x000000001000c00c       0x98 zephyr/drivers/i2c/libdrivers__i2c.a(i2c_dw.c.obj)
 .text.i2c_dw_data_read
                0x000000001000c0a4       0x42 zephyr/drivers/i2c/libdrivers__i2c.a(i2c_dw.c.obj)
 .text.i2c_dw_data_send
                0x000000001000c0e6       0x82 zephyr/drivers/i2c/libdrivers__i2c.a(i2c_dw.c.obj)
 .text.i2c_config_0
                0x000000001000c168       0x14 zephyr/drivers/i2c/libdrivers__i2c.a(i2c_dw.c.obj)
 .text.i2c_dw_transfer_complete
                0x000000001000c17c       0x16 zephyr/drivers/i2c/libdrivers__i2c.a(i2c_dw.c.obj)
 .text.i2c_dw_isr
                0x000000001000c192       0x74 zephyr/drivers/i2c/libdrivers__i2c.a(i2c_dw.c.obj)
 .text.pinctrl_apply_state
                0x000000001000c206       0x1e zephyr/drivers/i2c/libdrivers__i2c.a(i2c_dw.c.obj)
 .text.pinctrl_lookup_state
                0x000000001000c224       0x2a zephyr/drivers/pinctrl/libdrivers__pinctrl.a(common.c.obj)
                0x000000001000c224                pinctrl_lookup_state
 .text.pinctrl_configure_pin
                0x000000001000c24e       0x86 zephyr/drivers/pinctrl/libdrivers__pinctrl.a(pinctrl_rpi_pico.c.obj)
 .text.pinctrl_configure_pins
                0x000000001000c2d4       0x1c zephyr/drivers/pinctrl/libdrivers__pinctrl.a(pinctrl_rpi_pico.c.obj)
                0x000000001000c2d4                pinctrl_configure_pins
 .text.reset_rpi_read_register
                0x000000001000c2f0       0x36 zephyr/drivers/reset/libdrivers__reset.a(reset_rpi_pico.c.obj)
 .text.reset_rpi_write_register
                0x000000001000c326       0x34 zephyr/drivers/reset/libdrivers__reset.a(reset_rpi_pico.c.obj)
 .text.reset_rpi_status
                0x000000001000c35a       0x5a zephyr/drivers/reset/libdrivers__reset.a(reset_rpi_pico.c.obj)
 .text.reset_rpi_update
                0x000000001000c3b4       0x70 zephyr/drivers/reset/libdrivers__reset.a(reset_rpi_pico.c.obj)
 .text.reset_rpi_line_assert
                0x000000001000c424        0xa zephyr/drivers/reset/libdrivers__reset.a(reset_rpi_pico.c.obj)
 .text.reset_rpi_line_deassert
                0x000000001000c42e        0xa zephyr/drivers/reset/libdrivers__reset.a(reset_rpi_pico.c.obj)
 .text.reset_rpi_line_toggle
                0x000000001000c438       0x1a zephyr/drivers/reset/libdrivers__reset.a(reset_rpi_pico.c.obj)
 .text.reset_rpi_init
                0x000000001000c452        0x4 zephyr/drivers/reset/libdrivers__reset.a(reset_rpi_pico.c.obj)
 .text.pm_device_driver_init
                0x000000001000c456       0x24 zephyr/drivers/sensor/bosch/bme680/libdrivers__sensor__bosch__bme680.a(bme680.c.obj)
 .text.bme680_calc_temp
                0x000000001000c47a       0x5c zephyr/drivers/sensor/bosch/bme680/libdrivers__sensor__bosch__bme680.a(bme680.c.obj)
 .text.bme680_calc_gas_wait
                0x000000001000c4d6       0x26 zephyr/drivers/sensor/bosch/bme680/libdrivers__sensor__bosch__bme680.a(bme680.c.obj)
 .text.bme680_read_compensation
                0x000000001000c4fc      0x140 zephyr/drivers/sensor/bosch/bme680/libdrivers__sensor__bosch__bme680.a(bme680.c.obj)
 .text.bme680_power_up
                0x000000001000c63c       0xac zephyr/drivers/sensor/bosch/bme680/libdrivers__sensor__bosch__bme680.a(bme680.c.obj)
 .text.bme680_pm_control
                0x000000001000c6e8       0x1a zephyr/drivers/sensor/bosch/bme680/libdrivers__sensor__bosch__bme680.a(bme680.c.obj)
 .text.bme680_sample_fetch
                0x000000001000c702       0xd6 zephyr/drivers/sensor/bosch/bme680/libdrivers__sensor__bosch__bme680.a(bme680.c.obj)
 .text.z_impl_i2c_transfer
                0x000000001000c7d8       0x24 zephyr/drivers/sensor/bosch/bme680/libdrivers__sensor__bosch__bme680.a(bme680_i2c.c.obj)
 .text.i2c_write
                0x000000001000c7fc       0x1a zephyr/drivers/sensor/bosch/bme680/libdrivers__sensor__bosch__bme680.a(bme680_i2c.c.obj)
 .text.i2c_write_read
                0x000000001000c816       0x28 zephyr/drivers/sensor/bosch/bme680/libdrivers__sensor__bosch__bme680.a(bme680_i2c.c.obj)
 .text.i2c_burst_read_dt
                0x000000001000c83e       0x22 zephyr/drivers/sensor/bosch/bme680/libdrivers__sensor__bosch__bme680.a(bme680_i2c.c.obj)
 .text.i2c_reg_write_byte_dt
                0x000000001000c860       0x1c zephyr/drivers/sensor/bosch/bme680/libdrivers__sensor__bosch__bme680.a(bme680_i2c.c.obj)
 .text.bme680_reg_read_i2c
                0x000000001000c87c        0xa zephyr/drivers/sensor/bosch/bme680/libdrivers__sensor__bosch__bme680.a(bme680_i2c.c.obj)
 .text.bme680_reg_write_i2c
                0x000000001000c886        0xa zephyr/drivers/sensor/bosch/bme680/libdrivers__sensor__bosch__bme680.a(bme680_i2c.c.obj)
 .text.bme680_bus_check_i2c
                0x000000001000c890       0x16 zephyr/drivers/sensor/bosch/bme680/libdrivers__sensor__bosch__bme680.a(bme680_i2c.c.obj)
 .text.reset_line_toggle
                0x000000001000c8a6       0x14 zephyr/drivers/serial/libdrivers__serial.a(uart_pl011.c.obj)
 .text.clock_control_get_rate
                0x000000001000c8ba       0x14 zephyr/drivers/serial/libdrivers__serial.a(uart_pl011.c.obj)
 .text.pl011_enable
                0x000000001000c8ce        0xe zephyr/drivers/serial/libdrivers__serial.a(uart_pl011.c.obj)
 .text.pl011_disable
                0x000000001000c8dc        0xe zephyr/drivers/serial/libdrivers__serial.a(uart_pl011.c.obj)
 .text.pl011_enable_fifo
                0x000000001000c8ea        0xe zephyr/drivers/serial/libdrivers__serial.a(uart_pl011.c.obj)
 .text.pl011_disable_fifo
                0x000000001000c8f8        0xe zephyr/drivers/serial/libdrivers__serial.a(uart_pl011.c.obj)
 .text.pl011_is_readable
                0x000000001000c906       0x2c zephyr/drivers/serial/libdrivers__serial.a(uart_pl011.c.obj)
 .text.pl011_poll_in
                0x000000001000c932       0x28 zephyr/drivers/serial/libdrivers__serial.a(uart_pl011.c.obj)
 .text.pl011_poll_out
                0x000000001000c95a        0xe zephyr/drivers/serial/libdrivers__serial.a(uart_pl011.c.obj)
 .text.pl011_err_check
                0x000000001000c968       0x30 zephyr/drivers/serial/libdrivers__serial.a(uart_pl011.c.obj)
 .text.pl011_runtime_config_get
                0x000000001000c998        0xc zephyr/drivers/serial/libdrivers__serial.a(uart_pl011.c.obj)
 .text.pl011_fifo_fill
                0x000000001000c9a4       0x20 zephyr/drivers/serial/libdrivers__serial.a(uart_pl011.c.obj)
 .text.pl011_fifo_read
                0x000000001000c9c4       0x20 zephyr/drivers/serial/libdrivers__serial.a(uart_pl011.c.obj)
 .text.pl011_irq_tx_enable
                0x000000001000c9e4       0x26 zephyr/drivers/serial/libdrivers__serial.a(uart_pl011.c.obj)
 .text.pl011_irq_tx_disable
                0x000000001000ca0a        0xe zephyr/drivers/serial/libdrivers__serial.a(uart_pl011.c.obj)
 .text.pl011_irq_tx_complete
                0x000000001000ca18       0x10 zephyr/drivers/serial/libdrivers__serial.a(uart_pl011.c.obj)
 .text.pl011_irq_tx_ready
                0x000000001000ca28       0x3c zephyr/drivers/serial/libdrivers__serial.a(uart_pl011.c.obj)
 .text.pl011_irq_rx_enable
                0x000000001000ca64        0xe zephyr/drivers/serial/libdrivers__serial.a(uart_pl011.c.obj)
 .text.pl011_irq_rx_disable
                0x000000001000ca72        0xe zephyr/drivers/serial/libdrivers__serial.a(uart_pl011.c.obj)
 .text.pl011_irq_rx_ready
                0x000000001000ca80       0x32 zephyr/drivers/serial/libdrivers__serial.a(uart_pl011.c.obj)
 .text.pl011_irq_err_enable
                0x000000001000cab2       0x10 zephyr/drivers/serial/libdrivers__serial.a(uart_pl011.c.obj)
 .text.pl011_irq_is_pending
                0x000000001000cac2       0x1e zephyr/drivers/serial/libdrivers__serial.a(uart_pl011.c.obj)
 .text.pl011_irq_update
                0x000000001000cae0        0x4 zephyr/drivers/serial/libdrivers__serial.a(uart_pl011.c.obj)
 .text.pl011_irq_callback_set
                0x000000001000cae4        0x8 zephyr/drivers/serial/libdrivers__serial.a(uart_pl011.c.obj)
 .text.pl011_isr
                0x000000001000caec       0x10 zephyr/drivers/serial/libdrivers__serial.a(uart_pl011.c.obj)
                0x000000001000caec                pl011_isr
 .text.pwr_on_raspberrypi_pico_uart_0
                0x000000001000cafc        0x4 zephyr/drivers/serial/libdrivers__serial.a(uart_pl011.c.obj)
 .text.clk_enable_raspberrypi_pico_uart_0
                0x000000001000cb00        0x4 zephyr/drivers/serial/libdrivers__serial.a(uart_pl011.c.obj)
 .text.pl011_runtime_configure_internal
                0x000000001000cb04      0x114 zephyr/drivers/serial/libdrivers__serial.a(uart_pl011.c.obj)
 .text.pl011_runtime_configure
                0x000000001000cc18        0xa zephyr/drivers/serial/libdrivers__serial.a(uart_pl011.c.obj)
 .text.pl011_irq_config_func_0
                0x000000001000cc22       0x14 zephyr/drivers/serial/libdrivers__serial.a(uart_pl011.c.obj)
 .text.pinctrl_apply_state
                0x000000001000cc36       0x1e zephyr/drivers/serial/libdrivers__serial.a(uart_pl011.c.obj)
 .text.watchdog_start_tick
                0x000000001000cc54        0xc modules/hal_rpi_pico/libmodules__hal_rpi_pico.a(watchdog.c.obj)
                0x000000001000cc54                watchdog_start_tick
 .text._gpio_set_irq_enabled
                0x000000001000cc60       0x38 modules/hal_rpi_pico/libmodules__hal_rpi_pico.a(gpio.c.obj)
 .text.gpio_init
                0x000000001000cc98       0x16 modules/hal_rpi_pico/libmodules__hal_rpi_pico.a(gpio.c.obj)
                0x000000001000cc98                gpio_init
 .text.z_impl_device_is_ready
                0x000000001000ccae       0x22 zephyr/kernel/libkernel.a(device.c.obj)
                0x000000001000ccae                z_impl_device_is_ready
 .text.arch_system_halt
                0x000000001000ccd0        0x8 zephyr/kernel/libkernel.a(fatal.c.obj)
                0x000000001000ccd0                arch_system_halt
 .text.k_sys_fatal_error_handler
                0x000000001000ccd8        0x6 zephyr/kernel/libkernel.a(fatal.c.obj)
                0x000000001000ccd8                k_sys_fatal_error_handler
 .text.do_device_init
                0x000000001000ccde       0x32 zephyr/kernel/libkernel.a(init.c.obj)
 .text.z_early_memset
                0x000000001000cd10        0x8 zephyr/kernel/libkernel.a(init.c.obj)
                0x000000001000cd10                z_early_memset
 .text.z_early_memcpy
                0x000000001000cd18        0x8 zephyr/kernel/libkernel.a(init.c.obj)
                0x000000001000cd18                z_early_memcpy
 .text.z_init_static
                0x000000001000cd20        0x2 zephyr/kernel/libkernel.a(init_static.c.obj)
                0x000000001000cd20                z_init_static
 .text.idle     0x000000001000cd22        0xe zephyr/kernel/libkernel.a(idle.c.obj)
                0x000000001000cd22                idle
 .text.arch_spin_relax
                0x000000001000cd30        0x4 zephyr/kernel/libkernel.a(idle.c.obj)
                0x000000001000cd30                arch_spin_relax
 .text.new_prio_for_inheritance
                0x000000001000cd34       0x16 zephyr/kernel/libkernel.a(mutex.c.obj)
 .text.adjust_owner_prio
                0x000000001000cd4a       0x16 zephyr/kernel/libkernel.a(mutex.c.obj)
 .text.z_impl_k_mutex_init
                0x000000001000cd60        0xe zephyr/kernel/libkernel.a(mutex.c.obj)
                0x000000001000cd60                z_impl_k_mutex_init
 .text.z_impl_k_sem_init
                0x000000001000cd6e       0x20 zephyr/kernel/libkernel.a(sem.c.obj)
                0x000000001000cd6e                z_impl_k_sem_init
 .text.setup_thread_stack
                0x000000001000cd8e        0xe zephyr/kernel/libkernel.a(thread.c.obj)
 .text.z_init_thread_base
                0x000000001000cd9c       0x14 zephyr/kernel/libkernel.a(thread.c.obj)
                0x000000001000cd9c                z_init_thread_base
 .text.thread_active_elsewhere
                0x000000001000cdb0        0x4 zephyr/kernel/libkernel.a(sched.c.obj)
 .text.add_to_waitq_locked
                0x000000001000cdb4       0x68 zephyr/kernel/libkernel.a(sched.c.obj)
 .text.z_abort_thread_timeout
                0x000000001000ce1c        0xa zephyr/kernel/libkernel.a(sched.c.obj)
 .text.unpend_all
                0x000000001000ce26       0x48 zephyr/kernel/libkernel.a(sched.c.obj)
 .text.pend_locked
                0x000000001000ce6e       0x18 zephyr/kernel/libkernel.a(sched.c.obj)
 .text.z_ready_thread
                0x000000001000ce86       0x34 zephyr/kernel/libkernel.a(sched.c.obj)
                0x000000001000ce86                z_ready_thread
 .text.z_sched_wake_thread
                0x000000001000ceba       0x56 zephyr/kernel/libkernel.a(sched.c.obj)
                0x000000001000ceba                z_sched_wake_thread
 .text.z_thread_timeout
                0x000000001000cf10        0xc zephyr/kernel/libkernel.a(sched.c.obj)
                0x000000001000cf10                z_thread_timeout
 .text.init_ready_q
                0x000000001000cf1c        0x8 zephyr/kernel/libkernel.a(sched.c.obj)
                0x000000001000cf1c                init_ready_q
 .text.z_impl_k_sleep
                0x000000001000cf24       0x2e zephyr/kernel/libkernel.a(sched.c.obj)
                0x000000001000cf24                z_impl_k_sleep
 .text.remove_timeout
                0x000000001000cf52       0x2c zephyr/kernel/libkernel.a(timeout.c.obj)
 .text.z_abort_timeout
                0x000000001000cf7e       0x4a zephyr/kernel/libkernel.a(timeout.c.obj)
                0x000000001000cf7e                z_abort_timeout
 .text.sys_clock_tick_get_32
                0x000000001000cfc8        0x8 zephyr/kernel/libkernel.a(timeout.c.obj)
                0x000000001000cfc8                sys_clock_tick_get_32
 *(SORT_BY_ALIGNMENT(.TEXT.*))
 *(SORT_BY_ALIGNMENT(.gnu.linkonce.t.*))
 *(SORT_BY_ALIGNMENT(.glue_7t))
 .glue_7t       0x000000001000cfd0        0x0 linker stubs
 *(SORT_BY_ALIGNMENT(.glue_7))
 .glue_7        0x000000001000cfd0        0x0 linker stubs
 *(SORT_BY_ALIGNMENT(.vfp11_veneer))
 .vfp11_veneer  0x000000001000cfd0        0x0 linker stubs
 *(SORT_BY_ALIGNMENT(.v4_bx))
 .v4_bx         0x000000001000cfd0        0x0 linker stubs
                0x000000001000cfd0                . = ALIGN (0x4)
                0x000000001000cfd0                __text_region_end = .

.ARM.exidx      0x000000001000cfd0        0x8
                0x000000001000cfd0                __exidx_start = .
 *(SORT_BY_ALIGNMENT(.ARM.exidx*) SORT_BY_ALIGNMENT(gnu.linkonce.armexidx.*))
 .ARM.exidx     0x000000001000cfd0        0x8 c:/users/axelo/zephyr-sdk-0.17.0/arm-zephyr-eabi/bin/../lib/gcc/arm-zephyr-eabi/12.2.0/thumb/v6-m/nofp\libgcc.a(_udivmoddi4.o)
 .ARM.exidx     0x000000001000cfd8        0x0 c:/users/axelo/zephyr-sdk-0.17.0/arm-zephyr-eabi/bin/../lib/gcc/arm-zephyr-eabi/12.2.0/thumb/v6-m/nofp\libgcc.a(_divdi3.o)
                                          0x8 (size before relaxing)
                0x000000001000cfd8                __exidx_end = .
                0x000000001000cfd8                __rodata_region_start = .

initlevel       0x000000001000cfd8       0x48
                0x000000001000cfd8                __init_start = .
                0x000000001000cfd8                __init_EARLY_start = .
 *(SORT_BY_NAME(SORT_BY_ALIGNMENT(.z_init_EARLY?_*)))
 *(SORT_BY_NAME(SORT_BY_ALIGNMENT(.z_init_EARLY??_*)))
                0x000000001000cfd8                __init_PRE_KERNEL_1_start = .
 *(SORT_BY_NAME(SORT_BY_ALIGNMENT(.z_init_PRE_KERNEL_1?_*)))
 *(SORT_BY_NAME(SORT_BY_ALIGNMENT(.z_init_PRE_KERNEL_1??_*)))
 .z_init_PRE_KERNEL_130_00025_
                0x000000001000cfd8        0x8 zephyr/drivers/clock_control/libdrivers__clock_control.a(clock_control_rpi_pico.c.obj)
 .z_init_PRE_KERNEL_135_00027_
                0x000000001000cfe0        0x8 zephyr/drivers/reset/libdrivers__reset.a(reset_rpi_pico.c.obj)
 .z_init_PRE_KERNEL_150_00062_
                0x000000001000cfe8        0x8 zephyr/drivers/serial/libdrivers__serial.a(uart_pl011.c.obj)
 .z_init_PRE_KERNEL_160_0_
                0x000000001000cff0        0x8 zephyr/drivers/console/libdrivers__console.a(uart_console.c.obj)
                0x000000001000cff8                __init_PRE_KERNEL_2_start = .
 *(SORT_BY_NAME(SORT_BY_ALIGNMENT(.z_init_PRE_KERNEL_2?_*)))
 .z_init_PRE_KERNEL_20_0_
                0x000000001000cff8        0x8 zephyr/drivers/timer/libdrivers__timer.a(cortex_m_systick.c.obj)
 *(SORT_BY_NAME(SORT_BY_ALIGNMENT(.z_init_PRE_KERNEL_2??_*)))
                0x000000001000d000                __init_POST_KERNEL_start = .
 *(SORT_BY_NAME(SORT_BY_ALIGNMENT(.z_init_POST_KERNEL?_*)))
 *(SORT_BY_NAME(SORT_BY_ALIGNMENT(.z_init_POST_KERNEL??_*)))
 .z_init_POST_KERNEL35_0_
                0x000000001000d000        0x8 zephyr/lib/libc/newlib/liblib__libc__newlib.a(libc-hooks.c.obj)
 .z_init_POST_KERNEL40_00033_
                0x000000001000d008        0x8 zephyr/drivers/gpio/libdrivers__gpio.a(gpio_rpi_pico.c.obj)
 .z_init_POST_KERNEL50_00072_
                0x000000001000d010        0x8 zephyr/drivers/i2c/libdrivers__i2c.a(i2c_dw.c.obj)
 .z_init_POST_KERNEL90_00073_
                0x000000001000d018        0x8 zephyr/drivers/sensor/bosch/bme680/libdrivers__sensor__bosch__bme680.a(bme680.c.obj)
                0x000000001000d020                __init_APPLICATION_start = .
 *(SORT_BY_NAME(SORT_BY_ALIGNMENT(.z_init_APPLICATION?_*)))
 *(SORT_BY_NAME(SORT_BY_ALIGNMENT(.z_init_APPLICATION??_*)))
                0x000000001000d020                __init_SMP_start = .
 *(SORT_BY_NAME(SORT_BY_ALIGNMENT(.z_init_SMP?_*)))
 *(SORT_BY_NAME(SORT_BY_ALIGNMENT(.z_init_SMP??_*)))
                0x000000001000d020                __init_end = .
                0x000000001000d020                __deferred_init_list_start = .
 *(SORT_BY_ALIGNMENT(.z_deferred_init*))
                0x000000001000d020                __deferred_init_list_end = .

device_area     0x000000001000d020       0x78
                0x000000001000d020                _device_list_start = .
 *(SORT_BY_NAME(SORT_BY_ALIGNMENT(._device.static.*_?_*)))
 *(SORT_BY_NAME(SORT_BY_ALIGNMENT(._device.static.*_??_*)))
 ._device.static.1_30_
                0x000000001000d020       0x14 zephyr/drivers/clock_control/libdrivers__clock_control.a(clock_control_rpi_pico.c.obj)
                0x000000001000d020                __device_dts_ord_25
 ._device.static.1_35_
                0x000000001000d034       0x14 zephyr/drivers/reset/libdrivers__reset.a(reset_rpi_pico.c.obj)
                0x000000001000d034                __device_dts_ord_27
 ._device.static.1_50_
                0x000000001000d048       0x14 zephyr/drivers/serial/libdrivers__serial.a(uart_pl011.c.obj)
                0x000000001000d048                __device_dts_ord_62
 ._device.static.3_40_
                0x000000001000d05c       0x14 zephyr/drivers/gpio/libdrivers__gpio.a(gpio_rpi_pico.c.obj)
                0x000000001000d05c                __device_dts_ord_33
 ._device.static.3_50_
                0x000000001000d070       0x14 zephyr/drivers/i2c/libdrivers__i2c.a(i2c_dw.c.obj)
                0x000000001000d070                __device_dts_ord_72
 ._device.static.3_90_
                0x000000001000d084       0x14 zephyr/drivers/sensor/bosch/bme680/libdrivers__sensor__bosch__bme680.a(bme680.c.obj)
                0x000000001000d084                __device_dts_ord_73
 *(SORT_BY_NAME(SORT_BY_ALIGNMENT(._device.static.*_???_*)))
 *(SORT_BY_NAME(SORT_BY_ALIGNMENT(._device.static.*_????_*)))
 *(SORT_BY_NAME(SORT_BY_ALIGNMENT(._device.static.*_?????_*)))
                0x000000001000d098                _device_list_end = .

sw_isr_table    0x000000001000d098       0xd0
                0x000000001000d098                . = ALIGN (0x4)
 *(SORT_BY_ALIGNMENT(.gnu.linkonce.sw_isr_table*))
 .gnu.linkonce.sw_isr_table
                0x000000001000d098       0xd0 zephyr/CMakeFiles/zephyr_final.dir/isr_tables.c.obj
                0x000000001000d098                _sw_isr_table

initlevel_error
                0x000000001000cfd8        0x0
 *(SORT_BY_NAME(SORT_BY_ALIGNMENT(.z_init_[_A-Z0-9]*)))
                0x0000000000000001                ASSERT ((SIZEOF (initlevel_error) == 0x0), Undefined initialization levels used.)

app_shmem_regions
                0x000000001000d168        0x0
                0x000000001000d168                __app_shmem_regions_start = .
 *(SORT_BY_NAME(SORT_BY_ALIGNMENT(.app_regions.*)))
                0x000000001000d168                __app_shmem_regions_end = .

k_p4wq_initparam_area
                0x000000001000d168        0x0
                0x000000001000d168                _k_p4wq_initparam_list_start = .
 *(SORT_BY_NAME(SORT_BY_ALIGNMENT(._k_p4wq_initparam.static.*)))
                0x000000001000d168                _k_p4wq_initparam_list_end = .

_static_thread_data_area
                0x000000001000d168        0x0
                0x000000001000d168                __static_thread_data_list_start = .
 *(SORT_BY_NAME(SORT_BY_ALIGNMENT(.__static_thread_data.static.*)))
                0x000000001000d168                __static_thread_data_list_end = .

device_deps     0x000000001000d168        0x0
                0x000000001000d168                __device_deps_start = .
 *(SORT_BY_NAME(SORT_BY_ALIGNMENT(.__device_deps_pass2*)))
                0x000000001000d168                __device_deps_end = .

gpio_driver_api_area
                0x000000001000d168       0x24
                0x000000001000d168                _gpio_driver_api_list_start = .
 *(SORT_BY_NAME(SORT_BY_ALIGNMENT(._gpio_driver_api.static.*)))
 ._gpio_driver_api.static.gpio_rpi_driver_api_
                0x000000001000d168       0x24 zephyr/drivers/gpio/libdrivers__gpio.a(gpio_rpi_pico.c.obj)
                0x000000001000d18c                _gpio_driver_api_list_end = .

i2c_driver_api_area
                0x000000001000d18c       0x18
                0x000000001000d18c                _i2c_driver_api_list_start = .
 *(SORT_BY_NAME(SORT_BY_ALIGNMENT(._i2c_driver_api.static.*)))
 ._i2c_driver_api.static.funcs_
                0x000000001000d18c       0x18 zephyr/drivers/i2c/libdrivers__i2c.a(i2c_dw.c.obj)
                0x000000001000d1a4                _i2c_driver_api_list_end = .

i2c_target_driver_api_area
                0x000000001000d1a4        0x0
                0x000000001000d1a4                _i2c_target_driver_api_list_start = .
 *(SORT_BY_NAME(SORT_BY_ALIGNMENT(._i2c_target_driver_api.static.*)))
                0x000000001000d1a4                _i2c_target_driver_api_list_end = .

reset_driver_api_area
                0x000000001000d1a4       0x10
                0x000000001000d1a4                _reset_driver_api_list_start = .
 *(SORT_BY_NAME(SORT_BY_ALIGNMENT(._reset_driver_api.static.*)))
 ._reset_driver_api.static.reset_rpi_driver_api_
                0x000000001000d1a4       0x10 zephyr/drivers/reset/libdrivers__reset.a(reset_rpi_pico.c.obj)
                0x000000001000d1b4                _reset_driver_api_list_end = .

sensor_driver_api_area
                0x000000001000d1b4       0x1c
                0x000000001000d1b4                _sensor_driver_api_list_start = .
 *(SORT_BY_NAME(SORT_BY_ALIGNMENT(._sensor_driver_api.static.*)))
 ._sensor_driver_api.static.bme680_api_funcs_
                0x000000001000d1b4       0x1c zephyr/drivers/sensor/bosch/bme680/libdrivers__sensor__bosch__bme680.a(bme680.c.obj)
                0x000000001000d1d0                _sensor_driver_api_list_end = .

shared_irq_driver_api_area
                0x000000001000d1d0        0x0
                0x000000001000d1d0                _shared_irq_driver_api_list_start = .
 *(SORT_BY_NAME(SORT_BY_ALIGNMENT(._shared_irq_driver_api.static.*)))
                0x000000001000d1d0                _shared_irq_driver_api_list_end = .

crypto_driver_api_area
                0x000000001000d1d0        0x0
                0x000000001000d1d0                _crypto_driver_api_list_start = .
 *(SORT_BY_NAME(SORT_BY_ALIGNMENT(._crypto_driver_api.static.*)))
                0x000000001000d1d0                _crypto_driver_api_list_end = .

adc_driver_api_area
                0x000000001000d1d0        0x0
                0x000000001000d1d0                _adc_driver_api_list_start = .
 *(SORT_BY_NAME(SORT_BY_ALIGNMENT(._adc_driver_api.static.*)))
                0x000000001000d1d0                _adc_driver_api_list_end = .

auxdisplay_driver_api_area
                0x000000001000d1d0        0x0
                0x000000001000d1d0                _auxdisplay_driver_api_list_start = .
 *(SORT_BY_NAME(SORT_BY_ALIGNMENT(._auxdisplay_driver_api.static.*)))
                0x000000001000d1d0                _auxdisplay_driver_api_list_end = .

bbram_driver_api_area
                0x000000001000d1d0        0x0
                0x000000001000d1d0                _bbram_driver_api_list_start = .
 *(SORT_BY_NAME(SORT_BY_ALIGNMENT(._bbram_driver_api.static.*)))
                0x000000001000d1d0                _bbram_driver_api_list_end = .

bt_hci_driver_api_area
                0x000000001000d1d0        0x0
                0x000000001000d1d0                _bt_hci_driver_api_list_start = .
 *(SORT_BY_NAME(SORT_BY_ALIGNMENT(._bt_hci_driver_api.static.*)))
                0x000000001000d1d0                _bt_hci_driver_api_list_end = .

can_driver_api_area
                0x000000001000d1d0        0x0
                0x000000001000d1d0                _can_driver_api_list_start = .
 *(SORT_BY_NAME(SORT_BY_ALIGNMENT(._can_driver_api.static.*)))
                0x000000001000d1d0                _can_driver_api_list_end = .

cellular_driver_api_area
                0x000000001000d1d0        0x0
                0x000000001000d1d0                _cellular_driver_api_list_start = .
 *(SORT_BY_NAME(SORT_BY_ALIGNMENT(._cellular_driver_api.static.*)))
                0x000000001000d1d0                _cellular_driver_api_list_end = .

charger_driver_api_area
                0x000000001000d1d0        0x0
                0x000000001000d1d0                _charger_driver_api_list_start = .
 *(SORT_BY_NAME(SORT_BY_ALIGNMENT(._charger_driver_api.static.*)))
                0x000000001000d1d0                _charger_driver_api_list_end = .

clock_control_driver_api_area
                0x000000001000d1d0       0x1c
                0x000000001000d1d0                _clock_control_driver_api_list_start = .
 *(SORT_BY_NAME(SORT_BY_ALIGNMENT(._clock_control_driver_api.static.*)))
 ._clock_control_driver_api.static.clock_control_rpi_pico_api_
                0x000000001000d1d0       0x1c zephyr/drivers/clock_control/libdrivers__clock_control.a(clock_control_rpi_pico.c.obj)
                0x000000001000d1ec                _clock_control_driver_api_list_end = .

comparator_driver_api_area
                0x000000001000d1ec        0x0
                0x000000001000d1ec                _comparator_driver_api_list_start = .
 *(SORT_BY_NAME(SORT_BY_ALIGNMENT(._comparator_driver_api.static.*)))
                0x000000001000d1ec                _comparator_driver_api_list_end = .

coredump_driver_api_area
                0x000000001000d1ec        0x0
                0x000000001000d1ec                _coredump_driver_api_list_start = .
 *(SORT_BY_NAME(SORT_BY_ALIGNMENT(._coredump_driver_api.static.*)))
                0x000000001000d1ec                _coredump_driver_api_list_end = .

counter_driver_api_area
                0x000000001000d1ec        0x0
                0x000000001000d1ec                _counter_driver_api_list_start = .
 *(SORT_BY_NAME(SORT_BY_ALIGNMENT(._counter_driver_api.static.*)))
                0x000000001000d1ec                _counter_driver_api_list_end = .

dac_driver_api_area
                0x000000001000d1ec        0x0
                0x000000001000d1ec                _dac_driver_api_list_start = .
 *(SORT_BY_NAME(SORT_BY_ALIGNMENT(._dac_driver_api.static.*)))
                0x000000001000d1ec                _dac_driver_api_list_end = .

dai_driver_api_area
                0x000000001000d1ec        0x0
                0x000000001000d1ec                _dai_driver_api_list_start = .
 *(SORT_BY_NAME(SORT_BY_ALIGNMENT(._dai_driver_api.static.*)))
                0x000000001000d1ec                _dai_driver_api_list_end = .

display_driver_api_area
                0x000000001000d1ec        0x0
                0x000000001000d1ec                _display_driver_api_list_start = .
 *(SORT_BY_NAME(SORT_BY_ALIGNMENT(._display_driver_api.static.*)))
                0x000000001000d1ec                _display_driver_api_list_end = .

dma_driver_api_area
                0x000000001000d1ec        0x0
                0x000000001000d1ec                _dma_driver_api_list_start = .
 *(SORT_BY_NAME(SORT_BY_ALIGNMENT(._dma_driver_api.static.*)))
                0x000000001000d1ec                _dma_driver_api_list_end = .

edac_driver_api_area
                0x000000001000d1ec        0x0
                0x000000001000d1ec                _edac_driver_api_list_start = .
 *(SORT_BY_NAME(SORT_BY_ALIGNMENT(._edac_driver_api.static.*)))
                0x000000001000d1ec                _edac_driver_api_list_end = .

eeprom_driver_api_area
                0x000000001000d1ec        0x0
                0x000000001000d1ec                _eeprom_driver_api_list_start = .
 *(SORT_BY_NAME(SORT_BY_ALIGNMENT(._eeprom_driver_api.static.*)))
                0x000000001000d1ec                _eeprom_driver_api_list_end = .

emul_bbram_driver_api_area
                0x000000001000d1ec        0x0
                0x000000001000d1ec                _emul_bbram_driver_api_list_start = .
 *(SORT_BY_NAME(SORT_BY_ALIGNMENT(._emul_bbram_driver_api.static.*)))
                0x000000001000d1ec                _emul_bbram_driver_api_list_end = .

fuel_gauge_emul_driver_api_area
                0x000000001000d1ec        0x0
                0x000000001000d1ec                _fuel_gauge_emul_driver_api_list_start = .
 *(SORT_BY_NAME(SORT_BY_ALIGNMENT(._fuel_gauge_emul_driver_api.static.*)))
                0x000000001000d1ec                _fuel_gauge_emul_driver_api_list_end = .

emul_sensor_driver_api_area
                0x000000001000d1ec        0x0
                0x000000001000d1ec                _emul_sensor_driver_api_list_start = .
 *(SORT_BY_NAME(SORT_BY_ALIGNMENT(._emul_sensor_driver_api.static.*)))
                0x000000001000d1ec                _emul_sensor_driver_api_list_end = .

entropy_driver_api_area
                0x000000001000d1ec        0x0
                0x000000001000d1ec                _entropy_driver_api_list_start = .
 *(SORT_BY_NAME(SORT_BY_ALIGNMENT(._entropy_driver_api.static.*)))
                0x000000001000d1ec                _entropy_driver_api_list_end = .

espi_driver_api_area
                0x000000001000d1ec        0x0
                0x000000001000d1ec                _espi_driver_api_list_start = .
 *(SORT_BY_NAME(SORT_BY_ALIGNMENT(._espi_driver_api.static.*)))
                0x000000001000d1ec                _espi_driver_api_list_end = .

espi_saf_driver_api_area
                0x000000001000d1ec        0x0
                0x000000001000d1ec                _espi_saf_driver_api_list_start = .
 *(SORT_BY_NAME(SORT_BY_ALIGNMENT(._espi_saf_driver_api.static.*)))
                0x000000001000d1ec                _espi_saf_driver_api_list_end = .

flash_driver_api_area
                0x000000001000d1ec        0x0
                0x000000001000d1ec                _flash_driver_api_list_start = .
 *(SORT_BY_NAME(SORT_BY_ALIGNMENT(._flash_driver_api.static.*)))
                0x000000001000d1ec                _flash_driver_api_list_end = .

fpga_driver_api_area
                0x000000001000d1ec        0x0
                0x000000001000d1ec                _fpga_driver_api_list_start = .
 *(SORT_BY_NAME(SORT_BY_ALIGNMENT(._fpga_driver_api.static.*)))
                0x000000001000d1ec                _fpga_driver_api_list_end = .

fuel_gauge_driver_api_area
                0x000000001000d1ec        0x0
                0x000000001000d1ec                _fuel_gauge_driver_api_list_start = .
 *(SORT_BY_NAME(SORT_BY_ALIGNMENT(._fuel_gauge_driver_api.static.*)))
                0x000000001000d1ec                _fuel_gauge_driver_api_list_end = .

gnss_driver_api_area
                0x000000001000d1ec        0x0
                0x000000001000d1ec                _gnss_driver_api_list_start = .
 *(SORT_BY_NAME(SORT_BY_ALIGNMENT(._gnss_driver_api.static.*)))
                0x000000001000d1ec                _gnss_driver_api_list_end = .

haptics_driver_api_area
                0x000000001000d1ec        0x0
                0x000000001000d1ec                _haptics_driver_api_list_start = .
 *(SORT_BY_NAME(SORT_BY_ALIGNMENT(._haptics_driver_api.static.*)))
                0x000000001000d1ec                _haptics_driver_api_list_end = .

hwspinlock_driver_api_area
                0x000000001000d1ec        0x0
                0x000000001000d1ec                _hwspinlock_driver_api_list_start = .
 *(SORT_BY_NAME(SORT_BY_ALIGNMENT(._hwspinlock_driver_api.static.*)))
                0x000000001000d1ec                _hwspinlock_driver_api_list_end = .

i2s_driver_api_area
                0x000000001000d1ec        0x0
                0x000000001000d1ec                _i2s_driver_api_list_start = .
 *(SORT_BY_NAME(SORT_BY_ALIGNMENT(._i2s_driver_api.static.*)))
                0x000000001000d1ec                _i2s_driver_api_list_end = .

i3c_driver_api_area
                0x000000001000d1ec        0x0
                0x000000001000d1ec                _i3c_driver_api_list_start = .
 *(SORT_BY_NAME(SORT_BY_ALIGNMENT(._i3c_driver_api.static.*)))
                0x000000001000d1ec                _i3c_driver_api_list_end = .

ipm_driver_api_area
                0x000000001000d1ec        0x0
                0x000000001000d1ec                _ipm_driver_api_list_start = .
 *(SORT_BY_NAME(SORT_BY_ALIGNMENT(._ipm_driver_api.static.*)))
                0x000000001000d1ec                _ipm_driver_api_list_end = .

kscan_driver_api_area
                0x000000001000d1ec        0x0
                0x000000001000d1ec                _kscan_driver_api_list_start = .
 *(SORT_BY_NAME(SORT_BY_ALIGNMENT(._kscan_driver_api.static.*)))
                0x000000001000d1ec                _kscan_driver_api_list_end = .

led_driver_api_area
                0x000000001000d1ec        0x0
                0x000000001000d1ec                _led_driver_api_list_start = .
 *(SORT_BY_NAME(SORT_BY_ALIGNMENT(._led_driver_api.static.*)))
                0x000000001000d1ec                _led_driver_api_list_end = .

led_strip_driver_api_area
                0x000000001000d1ec        0x0
                0x000000001000d1ec                _led_strip_driver_api_list_start = .
 *(SORT_BY_NAME(SORT_BY_ALIGNMENT(._led_strip_driver_api.static.*)))
                0x000000001000d1ec                _led_strip_driver_api_list_end = .

lora_driver_api_area
                0x000000001000d1ec        0x0
                0x000000001000d1ec                _lora_driver_api_list_start = .
 *(SORT_BY_NAME(SORT_BY_ALIGNMENT(._lora_driver_api.static.*)))
                0x000000001000d1ec                _lora_driver_api_list_end = .

mbox_driver_api_area
                0x000000001000d1ec        0x0
                0x000000001000d1ec                _mbox_driver_api_list_start = .
 *(SORT_BY_NAME(SORT_BY_ALIGNMENT(._mbox_driver_api.static.*)))
                0x000000001000d1ec                _mbox_driver_api_list_end = .

mdio_driver_api_area
                0x000000001000d1ec        0x0
                0x000000001000d1ec                _mdio_driver_api_list_start = .
 *(SORT_BY_NAME(SORT_BY_ALIGNMENT(._mdio_driver_api.static.*)))
                0x000000001000d1ec                _mdio_driver_api_list_end = .

mipi_dbi_driver_api_area
                0x000000001000d1ec        0x0
                0x000000001000d1ec                _mipi_dbi_driver_api_list_start = .
 *(SORT_BY_NAME(SORT_BY_ALIGNMENT(._mipi_dbi_driver_api.static.*)))
                0x000000001000d1ec                _mipi_dbi_driver_api_list_end = .

mipi_dsi_driver_api_area
                0x000000001000d1ec        0x0
                0x000000001000d1ec                _mipi_dsi_driver_api_list_start = .
 *(SORT_BY_NAME(SORT_BY_ALIGNMENT(._mipi_dsi_driver_api.static.*)))
                0x000000001000d1ec                _mipi_dsi_driver_api_list_end = .

mspi_driver_api_area
                0x000000001000d1ec        0x0
                0x000000001000d1ec                _mspi_driver_api_list_start = .
 *(SORT_BY_NAME(SORT_BY_ALIGNMENT(._mspi_driver_api.static.*)))
                0x000000001000d1ec                _mspi_driver_api_list_end = .

peci_driver_api_area
                0x000000001000d1ec        0x0
                0x000000001000d1ec                _peci_driver_api_list_start = .
 *(SORT_BY_NAME(SORT_BY_ALIGNMENT(._peci_driver_api.static.*)))
                0x000000001000d1ec                _peci_driver_api_list_end = .

ps2_driver_api_area
                0x000000001000d1ec        0x0
                0x000000001000d1ec                _ps2_driver_api_list_start = .
 *(SORT_BY_NAME(SORT_BY_ALIGNMENT(._ps2_driver_api.static.*)))
                0x000000001000d1ec                _ps2_driver_api_list_end = .

ptp_clock_driver_api_area
                0x000000001000d1ec        0x0
                0x000000001000d1ec                _ptp_clock_driver_api_list_start = .
 *(SORT_BY_NAME(SORT_BY_ALIGNMENT(._ptp_clock_driver_api.static.*)))
                0x000000001000d1ec                _ptp_clock_driver_api_list_end = .

pwm_driver_api_area
                0x000000001000d1ec        0x0
                0x000000001000d1ec                _pwm_driver_api_list_start = .